Microsoft Windows [Version 10.0.19045.4291]
(c) Microsoft Corporation. All rights reserved.

C:\Users\jhta>sqlplus scott/tiger

SQL*Plus: Release 21.0.0.0.0 - Production on 금 4월 26 11:23:08 2024
Version 21.3.0.0.0

Copyright (c) 1982, 2021, Oracle.  All rights reserved.

마지막 성공한 로그인 시간: 목 4월  25 2024 16:52:30 +09:00

다음에 접속됨:
Oracle Database 21c Express Edition Release 21.0.0.0.0 - Production
Version 21.3.0.0.0

SQL> desc member;
 이름                                      널?      유형
 ----------------------------------------- -------- ----------------------------
 NO                                                 NUMBER(5)
 ID                                                 VARCHAR2(20)
 PW                                                 VARCHAR2(30)
 NAME                                               VARCHAR2(20)
 GENDER                                             VARCHAR2(6)
 MOTIVE                                             VARCHAR2(100)
 ZIPCODE                                            VARCHAR2(100)
 ADDRS                                              VARCHAR2(1000)

SQL> select * from fileinfo
  2  ;

       FNO
----------
FILENAME
--------------------------------------------------------------------------------
TYPE
--------------------------------------------------------------------------------
        NO
----------
         1
../upload/ball33.png
image/png
         1


       FNO
----------
FILENAME
--------------------------------------------------------------------------------
TYPE
--------------------------------------------------------------------------------
        NO
----------
         2
../upload/ball23.png
image/png
         1


       FNO
----------
FILENAME
--------------------------------------------------------------------------------
TYPE
--------------------------------------------------------------------------------
        NO
----------
         3
../upload/ball15.png
image/png
         1


       FNO
----------
FILENAME
--------------------------------------------------------------------------------
TYPE
--------------------------------------------------------------------------------
        NO
----------
         4
../upload/ball311.png
image/png
         9


       FNO
----------
FILENAME
--------------------------------------------------------------------------------
TYPE
--------------------------------------------------------------------------------
        NO
----------
         5
../upload/ball30.png
image/png
         9


       FNO
----------
FILENAME
--------------------------------------------------------------------------------
TYPE
--------------------------------------------------------------------------------
        NO
----------
         6
../upload/ball29.png
image/png
         9


       FNO
----------
FILENAME
--------------------------------------------------------------------------------
TYPE
--------------------------------------------------------------------------------
        NO
----------
         7
../upload/ball131.png
image/png
        10


       FNO
----------
FILENAME
--------------------------------------------------------------------------------
TYPE
--------------------------------------------------------------------------------
        NO
----------
         8
../upload/ball26.png
image/png
        10


       FNO
----------
FILENAME
--------------------------------------------------------------------------------
TYPE
--------------------------------------------------------------------------------
        NO
----------
         9
../upload/ball382.png
image/png
        10


9 행이 선택되었습니다.

SQL> col filename format a20
SQL> col type format a10
SQL> select * from fileinfo;

       FNO FILENAME             TYPE               NO
---------- -------------------- ---------- ----------
         1 ../upload/ball33.png image/png           1
         2 ../upload/ball23.png image/png           1
         3 ../upload/ball15.png image/png           1
         4 ../upload/ball311.pn image/png           9
           g

         5 ../upload/ball30.png image/png           9
         6 ../upload/ball29.png image/png           9
         7 ../upload/ball131.pn image/png          10
           g


       FNO FILENAME             TYPE               NO
---------- -------------------- ---------- ----------
         8 ../upload/ball26.png image/png          10
         9 ../upload/ball382.pn image/png          10
           g


9 행이 선택되었습니다.

SQL> select * from product;

       PNO
----------
PNAME
--------------------------------------------------------------------------------
     PRICE    DCRATIO
---------- ----------
PRODESC
--------------------------------------------------------------------------------
       QTY
----------
IMGFILE
--------------------------------------------------------------------------------
BIGFILE
--------------------------------------------------------------------------------
         1

       PNO
----------
PNAME
--------------------------------------------------------------------------------
     PRICE    DCRATIO
---------- ----------
PRODESC
--------------------------------------------------------------------------------
       QTY
----------
IMGFILE
--------------------------------------------------------------------------------
BIGFILE
--------------------------------------------------------------------------------
뽀로로코딩컴퓨터

       PNO
----------
PNAME
--------------------------------------------------------------------------------
     PRICE    DCRATIO
---------- ----------
PRODESC
--------------------------------------------------------------------------------
       QTY
----------
IMGFILE
--------------------------------------------------------------------------------
BIGFILE
--------------------------------------------------------------------------------
    135000         41

       PNO
----------
PNAME
--------------------------------------------------------------------------------
     PRICE    DCRATIO
---------- ----------
PRODESC
--------------------------------------------------------------------------------
       QTY
----------
IMGFILE
--------------------------------------------------------------------------------
BIGFILE
--------------------------------------------------------------------------------
아이들이 좋아하는 뽀로로와 함께 코딩과 한글, 영어를 놀면서배워요

       PNO
----------
PNAME
--------------------------------------------------------------------------------
     PRICE    DCRATIO
---------- ----------
PRODESC
--------------------------------------------------------------------------------
       QTY
----------
IMGFILE
--------------------------------------------------------------------------------
BIGFILE
--------------------------------------------------------------------------------
       100

       PNO
----------
PNAME
--------------------------------------------------------------------------------
     PRICE    DCRATIO
---------- ----------
PRODESC
--------------------------------------------------------------------------------
       QTY
----------
IMGFILE
--------------------------------------------------------------------------------
BIGFILE
--------------------------------------------------------------------------------
https://shop-phinf.pstatic.net/20210219_97/1613715831382Uyye9_JPEG/1485166510509

       PNO
----------
PNAME
--------------------------------------------------------------------------------
     PRICE    DCRATIO
---------- ----------
PRODESC
--------------------------------------------------------------------------------
       QTY
----------
IMGFILE
--------------------------------------------------------------------------------
BIGFILE
--------------------------------------------------------------------------------
9013_669278903.jpg?type=m510

       PNO
----------
PNAME
--------------------------------------------------------------------------------
     PRICE    DCRATIO
---------- ----------
PRODESC
--------------------------------------------------------------------------------
       QTY
----------
IMGFILE
--------------------------------------------------------------------------------
BIGFILE
--------------------------------------------------------------------------------
https://shop-phinf.pstatic.net/20210219_170/1613715840197EH3Fd_JPEG/148516739983

       PNO
----------
PNAME
--------------------------------------------------------------------------------
     PRICE    DCRATIO
---------- ----------
PRODESC
--------------------------------------------------------------------------------
       QTY
----------
IMGFILE
--------------------------------------------------------------------------------
BIGFILE
--------------------------------------------------------------------------------
12189_1049351525.jpg?type=m510

       PNO
----------
PNAME
--------------------------------------------------------------------------------
     PRICE    DCRATIO
---------- ----------
PRODESC
--------------------------------------------------------------------------------
       QTY
----------
IMGFILE
--------------------------------------------------------------------------------
BIGFILE
--------------------------------------------------------------------------------


       PNO
----------
PNAME
--------------------------------------------------------------------------------
     PRICE    DCRATIO
---------- ----------
PRODESC
--------------------------------------------------------------------------------
       QTY
----------
IMGFILE
--------------------------------------------------------------------------------
BIGFILE
--------------------------------------------------------------------------------
         2

       PNO
----------
PNAME
--------------------------------------------------------------------------------
     PRICE    DCRATIO
---------- ----------
PRODESC
--------------------------------------------------------------------------------
       QTY
----------
IMGFILE
--------------------------------------------------------------------------------
BIGFILE
--------------------------------------------------------------------------------
하루헛개 인터넷 특판

       PNO
----------
PNAME
--------------------------------------------------------------------------------
     PRICE    DCRATIO
---------- ----------
PRODESC
--------------------------------------------------------------------------------
       QTY
----------
IMGFILE
--------------------------------------------------------------------------------
BIGFILE
--------------------------------------------------------------------------------
     78000         15

       PNO
----------
PNAME
--------------------------------------------------------------------------------
     PRICE    DCRATIO
---------- ----------
PRODESC
--------------------------------------------------------------------------------
       QTY
----------
IMGFILE
--------------------------------------------------------------------------------
BIGFILE
--------------------------------------------------------------------------------
고급 휴대용기 무료 증정

       PNO
----------
PNAME
--------------------------------------------------------------------------------
     PRICE    DCRATIO
---------- ----------
PRODESC
--------------------------------------------------------------------------------
       QTY
----------
IMGFILE
--------------------------------------------------------------------------------
BIGFILE
--------------------------------------------------------------------------------
        20

       PNO
----------
PNAME
--------------------------------------------------------------------------------
     PRICE    DCRATIO
---------- ----------
PRODESC
--------------------------------------------------------------------------------
       QTY
----------
IMGFILE
--------------------------------------------------------------------------------
BIGFILE
--------------------------------------------------------------------------------
https://shop-phinf.pstatic.net/20220706_188/16570985007616eBbX_JPEG/582343345821

       PNO
----------
PNAME
--------------------------------------------------------------------------------
     PRICE    DCRATIO
---------- ----------
PRODESC
--------------------------------------------------------------------------------
       QTY
----------
IMGFILE
--------------------------------------------------------------------------------
BIGFILE
--------------------------------------------------------------------------------
79421_971840150.jpg?type=m510

       PNO
----------
PNAME
--------------------------------------------------------------------------------
     PRICE    DCRATIO
---------- ----------
PRODESC
--------------------------------------------------------------------------------
       QTY
----------
IMGFILE
--------------------------------------------------------------------------------
BIGFILE
--------------------------------------------------------------------------------
https://shop-phinf.pstatic.net/20220211_261/1644565982379oebbd_JPEG/457018280770

       PNO
----------
PNAME
--------------------------------------------------------------------------------
     PRICE    DCRATIO
---------- ----------
PRODESC
--------------------------------------------------------------------------------
       QTY
----------
IMGFILE
--------------------------------------------------------------------------------
BIGFILE
--------------------------------------------------------------------------------
46944_338516665.jpg?type=m510

       PNO
----------
PNAME
--------------------------------------------------------------------------------
     PRICE    DCRATIO
---------- ----------
PRODESC
--------------------------------------------------------------------------------
       QTY
----------
IMGFILE
--------------------------------------------------------------------------------
BIGFILE
--------------------------------------------------------------------------------


       PNO
----------
PNAME
--------------------------------------------------------------------------------
     PRICE    DCRATIO
---------- ----------
PRODESC
--------------------------------------------------------------------------------
       QTY
----------
IMGFILE
--------------------------------------------------------------------------------
BIGFILE
--------------------------------------------------------------------------------
         3

       PNO
----------
PNAME
--------------------------------------------------------------------------------
     PRICE    DCRATIO
---------- ----------
PRODESC
--------------------------------------------------------------------------------
       QTY
----------
IMGFILE
--------------------------------------------------------------------------------
BIGFILE
--------------------------------------------------------------------------------
차반 카스테라 붕어빵 750g

       PNO
----------
PNAME
--------------------------------------------------------------------------------
     PRICE    DCRATIO
---------- ----------
PRODESC
--------------------------------------------------------------------------------
       QTY
----------
IMGFILE
--------------------------------------------------------------------------------
BIGFILE
--------------------------------------------------------------------------------
     14900          0

       PNO
----------
PNAME
--------------------------------------------------------------------------------
     PRICE    DCRATIO
---------- ----------
PRODESC
--------------------------------------------------------------------------------
       QTY
----------
IMGFILE
--------------------------------------------------------------------------------
BIGFILE
--------------------------------------------------------------------------------
원산지 국산

       PNO
----------
PNAME
--------------------------------------------------------------------------------
     PRICE    DCRATIO
---------- ----------
PRODESC
--------------------------------------------------------------------------------
       QTY
----------
IMGFILE
--------------------------------------------------------------------------------
BIGFILE
--------------------------------------------------------------------------------
       500

       PNO
----------
PNAME
--------------------------------------------------------------------------------
     PRICE    DCRATIO
---------- ----------
PRODESC
--------------------------------------------------------------------------------
       QTY
----------
IMGFILE
--------------------------------------------------------------------------------
BIGFILE
--------------------------------------------------------------------------------
https://shop-phinf.pstatic.net/20240329_184/1711661330499HGixM_JPEG/112797226235

       PNO
----------
PNAME
--------------------------------------------------------------------------------
     PRICE    DCRATIO
---------- ----------
PRODESC
--------------------------------------------------------------------------------
       QTY
----------
IMGFILE
--------------------------------------------------------------------------------
BIGFILE
--------------------------------------------------------------------------------
854603_1137371566.jpg?type=m510

       PNO
----------
PNAME
--------------------------------------------------------------------------------
     PRICE    DCRATIO
---------- ----------
PRODESC
--------------------------------------------------------------------------------
       QTY
----------
IMGFILE
--------------------------------------------------------------------------------
BIGFILE
--------------------------------------------------------------------------------
https://shop-phinf.pstatic.net/20240329_66/1711661294299m7v6w_JPEG/1127971900298

       PNO
----------
PNAME
--------------------------------------------------------------------------------
     PRICE    DCRATIO
---------- ----------
PRODESC
--------------------------------------------------------------------------------
       QTY
----------
IMGFILE
--------------------------------------------------------------------------------
BIGFILE
--------------------------------------------------------------------------------
24876_2128901746.jpg?type=m510

       PNO
----------
PNAME
--------------------------------------------------------------------------------
     PRICE    DCRATIO
---------- ----------
PRODESC
--------------------------------------------------------------------------------
       QTY
----------
IMGFILE
--------------------------------------------------------------------------------
BIGFILE
--------------------------------------------------------------------------------


       PNO
----------
PNAME
--------------------------------------------------------------------------------
     PRICE    DCRATIO
---------- ----------
PRODESC
--------------------------------------------------------------------------------
       QTY
----------
IMGFILE
--------------------------------------------------------------------------------
BIGFILE
--------------------------------------------------------------------------------
        19

       PNO
----------
PNAME
--------------------------------------------------------------------------------
     PRICE    DCRATIO
---------- ----------
PRODESC
--------------------------------------------------------------------------------
       QTY
----------
IMGFILE
--------------------------------------------------------------------------------
BIGFILE
--------------------------------------------------------------------------------
페라리 F8 트리뷰토

       PNO
----------
PNAME
--------------------------------------------------------------------------------
     PRICE    DCRATIO
---------- ----------
PRODESC
--------------------------------------------------------------------------------
       QTY
----------
IMGFILE
--------------------------------------------------------------------------------
BIGFILE
--------------------------------------------------------------------------------
 352000000         30

       PNO
----------
PNAME
--------------------------------------------------------------------------------
     PRICE    DCRATIO
---------- ----------
PRODESC
--------------------------------------------------------------------------------
       QTY
----------
IMGFILE
--------------------------------------------------------------------------------
BIGFILE
--------------------------------------------------------------------------------
페라리사의 차량입니다.

       PNO
----------
PNAME
--------------------------------------------------------------------------------
     PRICE    DCRATIO
---------- ----------
PRODESC
--------------------------------------------------------------------------------
       QTY
----------
IMGFILE
--------------------------------------------------------------------------------
BIGFILE
--------------------------------------------------------------------------------
         5

       PNO
----------
PNAME
--------------------------------------------------------------------------------
     PRICE    DCRATIO
---------- ----------
PRODESC
--------------------------------------------------------------------------------
       QTY
----------
IMGFILE
--------------------------------------------------------------------------------
BIGFILE
--------------------------------------------------------------------------------
https://upload.wikimedia.org/wikipedia/commons/thumb/0/00/2021_Ferrari_F8_Tribut

       PNO
----------
PNAME
--------------------------------------------------------------------------------
     PRICE    DCRATIO
---------- ----------
PRODESC
--------------------------------------------------------------------------------
       QTY
----------
IMGFILE
--------------------------------------------------------------------------------
BIGFILE
--------------------------------------------------------------------------------
o.jpg/1200px-2021_Ferrari_F8_Tributo.jpg

       PNO
----------
PNAME
--------------------------------------------------------------------------------
     PRICE    DCRATIO
---------- ----------
PRODESC
--------------------------------------------------------------------------------
       QTY
----------
IMGFILE
--------------------------------------------------------------------------------
BIGFILE
--------------------------------------------------------------------------------
https://ci.encarmagazine.com/2019/07/ssss-2.jpg

       PNO
----------
PNAME
--------------------------------------------------------------------------------
     PRICE    DCRATIO
---------- ----------
PRODESC
--------------------------------------------------------------------------------
       QTY
----------
IMGFILE
--------------------------------------------------------------------------------
BIGFILE
--------------------------------------------------------------------------------


       PNO
----------
PNAME
--------------------------------------------------------------------------------
     PRICE    DCRATIO
---------- ----------
PRODESC
--------------------------------------------------------------------------------
       QTY
----------
IMGFILE
--------------------------------------------------------------------------------
BIGFILE
--------------------------------------------------------------------------------
        20

       PNO
----------
PNAME
--------------------------------------------------------------------------------
     PRICE    DCRATIO
---------- ----------
PRODESC
--------------------------------------------------------------------------------
       QTY
----------
IMGFILE
--------------------------------------------------------------------------------
BIGFILE
--------------------------------------------------------------------------------
손흥민

       PNO
----------
PNAME
--------------------------------------------------------------------------------
     PRICE    DCRATIO
---------- ----------
PRODESC
--------------------------------------------------------------------------------
       QTY
----------
IMGFILE
--------------------------------------------------------------------------------
BIGFILE
--------------------------------------------------------------------------------
 340000000         50

       PNO
----------
PNAME
--------------------------------------------------------------------------------
     PRICE    DCRATIO
---------- ----------
PRODESC
--------------------------------------------------------------------------------
       QTY
----------
IMGFILE
--------------------------------------------------------------------------------
BIGFILE
--------------------------------------------------------------------------------
1주일 가격입니다.

       PNO
----------
PNAME
--------------------------------------------------------------------------------
     PRICE    DCRATIO
---------- ----------
PRODESC
--------------------------------------------------------------------------------
       QTY
----------
IMGFILE
--------------------------------------------------------------------------------
BIGFILE
--------------------------------------------------------------------------------
         1

       PNO
----------
PNAME
--------------------------------------------------------------------------------
     PRICE    DCRATIO
---------- ----------
PRODESC
--------------------------------------------------------------------------------
       QTY
----------
IMGFILE
--------------------------------------------------------------------------------
BIGFILE
--------------------------------------------------------------------------------
https://encrypted-tbn0.gstatic.com/images?q=tbn:ANd9GcSiAIp_s7Xo2wc6Ll0F1RknstQl

       PNO
----------
PNAME
--------------------------------------------------------------------------------
     PRICE    DCRATIO
---------- ----------
PRODESC
--------------------------------------------------------------------------------
       QTY
----------
IMGFILE
--------------------------------------------------------------------------------
BIGFILE
--------------------------------------------------------------------------------
JQ9uhiRCqI03ZZ31Mg

       PNO
----------
PNAME
--------------------------------------------------------------------------------
     PRICE    DCRATIO
---------- ----------
PRODESC
--------------------------------------------------------------------------------
       QTY
----------
IMGFILE
--------------------------------------------------------------------------------
BIGFILE
--------------------------------------------------------------------------------
https://d2u3dcdbebyaiu.cloudfront.net/uploads/atch_img/253/bf010cb6828cb6ff0efba

       PNO
----------
PNAME
--------------------------------------------------------------------------------
     PRICE    DCRATIO
---------- ----------
PRODESC
--------------------------------------------------------------------------------
       QTY
----------
IMGFILE
--------------------------------------------------------------------------------
BIGFILE
--------------------------------------------------------------------------------
75d9ebff44f_res.jpeg

       PNO
----------
PNAME
--------------------------------------------------------------------------------
     PRICE    DCRATIO
---------- ----------
PRODESC
--------------------------------------------------------------------------------
       QTY
----------
IMGFILE
--------------------------------------------------------------------------------
BIGFILE
--------------------------------------------------------------------------------


       PNO
----------
PNAME
--------------------------------------------------------------------------------
     PRICE    DCRATIO
---------- ----------
PRODESC
--------------------------------------------------------------------------------
       QTY
----------
IMGFILE
--------------------------------------------------------------------------------
BIGFILE
--------------------------------------------------------------------------------
        21

       PNO
----------
PNAME
--------------------------------------------------------------------------------
     PRICE    DCRATIO
---------- ----------
PRODESC
--------------------------------------------------------------------------------
       QTY
----------
IMGFILE
--------------------------------------------------------------------------------
BIGFILE
--------------------------------------------------------------------------------
GTE 자동차침대

       PNO
----------
PNAME
--------------------------------------------------------------------------------
     PRICE    DCRATIO
---------- ----------
PRODESC
--------------------------------------------------------------------------------
       QTY
----------
IMGFILE
--------------------------------------------------------------------------------
BIGFILE
--------------------------------------------------------------------------------
   2490000         10

       PNO
----------
PNAME
--------------------------------------------------------------------------------
     PRICE    DCRATIO
---------- ----------
PRODESC
--------------------------------------------------------------------------------
       QTY
----------
IMGFILE
--------------------------------------------------------------------------------
BIGFILE
--------------------------------------------------------------------------------
아이들의 꿈의 침대, 드림카베드가 새롭게 업그레이드 되었습니다.

       PNO
----------
PNAME
--------------------------------------------------------------------------------
     PRICE    DCRATIO
---------- ----------
PRODESC
--------------------------------------------------------------------------------
       QTY
----------
IMGFILE
--------------------------------------------------------------------------------
BIGFILE
--------------------------------------------------------------------------------
        23

       PNO
----------
PNAME
--------------------------------------------------------------------------------
     PRICE    DCRATIO
---------- ----------
PRODESC
--------------------------------------------------------------------------------
       QTY
----------
IMGFILE
--------------------------------------------------------------------------------
BIGFILE
--------------------------------------------------------------------------------
https://haloworldmall.com/web/product/big/202212/b3f899c85461a9f2b57a1ba091967d5

       PNO
----------
PNAME
--------------------------------------------------------------------------------
     PRICE    DCRATIO
---------- ----------
PRODESC
--------------------------------------------------------------------------------
       QTY
----------
IMGFILE
--------------------------------------------------------------------------------
BIGFILE
--------------------------------------------------------------------------------
4.jpg

       PNO
----------
PNAME
--------------------------------------------------------------------------------
     PRICE    DCRATIO
---------- ----------
PRODESC
--------------------------------------------------------------------------------
       QTY
----------
IMGFILE
--------------------------------------------------------------------------------
BIGFILE
--------------------------------------------------------------------------------
https://www.haloworldmall.com/haloworld/dreamcarbed/detail/gte/GTE_new2023.jpg

       PNO
----------
PNAME
--------------------------------------------------------------------------------
     PRICE    DCRATIO
---------- ----------
PRODESC
--------------------------------------------------------------------------------
       QTY
----------
IMGFILE
--------------------------------------------------------------------------------
BIGFILE
--------------------------------------------------------------------------------


       PNO
----------
PNAME
--------------------------------------------------------------------------------
     PRICE    DCRATIO
---------- ----------
PRODESC
--------------------------------------------------------------------------------
       QTY
----------
IMGFILE
--------------------------------------------------------------------------------
BIGFILE
--------------------------------------------------------------------------------
        22

       PNO
----------
PNAME
--------------------------------------------------------------------------------
     PRICE    DCRATIO
---------- ----------
PRODESC
--------------------------------------------------------------------------------
       QTY
----------
IMGFILE
--------------------------------------------------------------------------------
BIGFILE
--------------------------------------------------------------------------------
농협안심한우1등급세트 600g

       PNO
----------
PNAME
--------------------------------------------------------------------------------
     PRICE    DCRATIO
---------- ----------
PRODESC
--------------------------------------------------------------------------------
       QTY
----------
IMGFILE
--------------------------------------------------------------------------------
BIGFILE
--------------------------------------------------------------------------------
     57800         30

       PNO
----------
PNAME
--------------------------------------------------------------------------------
     PRICE    DCRATIO
---------- ----------
PRODESC
--------------------------------------------------------------------------------
       QTY
----------
IMGFILE
--------------------------------------------------------------------------------
BIGFILE
--------------------------------------------------------------------------------
특별한 날 소중한 분께 마음을 전하세요!

       PNO
----------
PNAME
--------------------------------------------------------------------------------
     PRICE    DCRATIO
---------- ----------
PRODESC
--------------------------------------------------------------------------------
       QTY
----------
IMGFILE
--------------------------------------------------------------------------------
BIGFILE
--------------------------------------------------------------------------------
         5

       PNO
----------
PNAME
--------------------------------------------------------------------------------
     PRICE    DCRATIO
---------- ----------
PRODESC
--------------------------------------------------------------------------------
       QTY
----------
IMGFILE
--------------------------------------------------------------------------------
BIGFILE
--------------------------------------------------------------------------------
https://img1.kakaocdn.net/thumb/C320x320@2x.fwebp.q82/?fname=https%3A%2F%2Fst.ka

       PNO
----------
PNAME
--------------------------------------------------------------------------------
     PRICE    DCRATIO
---------- ----------
PRODESC
--------------------------------------------------------------------------------
       QTY
----------
IMGFILE
--------------------------------------------------------------------------------
BIGFILE
--------------------------------------------------------------------------------
kaocdn.net%2Fproduct%2Fgift%2Fproduct%2F20240411142058_1865d18348604617a08946197

       PNO
----------
PNAME
--------------------------------------------------------------------------------
     PRICE    DCRATIO
---------- ----------
PRODESC
--------------------------------------------------------------------------------
       QTY
----------
IMGFILE
--------------------------------------------------------------------------------
BIGFILE
--------------------------------------------------------------------------------
3c38b96.jpg

       PNO
----------
PNAME
--------------------------------------------------------------------------------
     PRICE    DCRATIO
---------- ----------
PRODESC
--------------------------------------------------------------------------------
       QTY
----------
IMGFILE
--------------------------------------------------------------------------------
BIGFILE
--------------------------------------------------------------------------------
https://st.kakaocdn.net/product/gift/editor/20240411142110_68cf0f4409b445ffa8d3a

       PNO
----------
PNAME
--------------------------------------------------------------------------------
     PRICE    DCRATIO
---------- ----------
PRODESC
--------------------------------------------------------------------------------
       QTY
----------
IMGFILE
--------------------------------------------------------------------------------
BIGFILE
--------------------------------------------------------------------------------
80216c0c5bd.jpg

       PNO
----------
PNAME
--------------------------------------------------------------------------------
     PRICE    DCRATIO
---------- ----------
PRODESC
--------------------------------------------------------------------------------
       QTY
----------
IMGFILE
--------------------------------------------------------------------------------
BIGFILE
--------------------------------------------------------------------------------


       PNO
----------
PNAME
--------------------------------------------------------------------------------
     PRICE    DCRATIO
---------- ----------
PRODESC
--------------------------------------------------------------------------------
       QTY
----------
IMGFILE
--------------------------------------------------------------------------------
BIGFILE
--------------------------------------------------------------------------------
        23

       PNO
----------
PNAME
--------------------------------------------------------------------------------
     PRICE    DCRATIO
---------- ----------
PRODESC
--------------------------------------------------------------------------------
       QTY
----------
IMGFILE
--------------------------------------------------------------------------------
BIGFILE
--------------------------------------------------------------------------------
헤라 NEW 블랙 쿠션 파이데이션 싱글

       PNO
----------
PNAME
--------------------------------------------------------------------------------
     PRICE    DCRATIO
---------- ----------
PRODESC
--------------------------------------------------------------------------------
       QTY
----------
IMGFILE
--------------------------------------------------------------------------------
BIGFILE
--------------------------------------------------------------------------------
     46800         10

       PNO
----------
PNAME
--------------------------------------------------------------------------------
     PRICE    DCRATIO
---------- ----------
PRODESC
--------------------------------------------------------------------------------
       QTY
----------
IMGFILE
--------------------------------------------------------------------------------
BIGFILE
--------------------------------------------------------------------------------
감도 높은 피부의 시작 얇고 매끄한 커버로 완성하는 소프트 새틴 스킨

       PNO
----------
PNAME
--------------------------------------------------------------------------------
     PRICE    DCRATIO
---------- ----------
PRODESC
--------------------------------------------------------------------------------
       QTY
----------
IMGFILE
--------------------------------------------------------------------------------
BIGFILE
--------------------------------------------------------------------------------
        14

       PNO
----------
PNAME
--------------------------------------------------------------------------------
     PRICE    DCRATIO
---------- ----------
PRODESC
--------------------------------------------------------------------------------
       QTY
----------
IMGFILE
--------------------------------------------------------------------------------
BIGFILE
--------------------------------------------------------------------------------
https://img1.kakaocdn.net/thumb/C320x320@2x.fwebp.q82/?fname=https%3A%2F%2Fst.ka

       PNO
----------
PNAME
--------------------------------------------------------------------------------
     PRICE    DCRATIO
---------- ----------
PRODESC
--------------------------------------------------------------------------------
       QTY
----------
IMGFILE
--------------------------------------------------------------------------------
BIGFILE
--------------------------------------------------------------------------------
kaocdn.net%2Fproduct%2Fgift%2Fproduct%2F20240330085340_804f43ce50904e6faee1a1dbe

       PNO
----------
PNAME
--------------------------------------------------------------------------------
     PRICE    DCRATIO
---------- ----------
PRODESC
--------------------------------------------------------------------------------
       QTY
----------
IMGFILE
--------------------------------------------------------------------------------
BIGFILE
--------------------------------------------------------------------------------
97b20ea.jpg

       PNO
----------
PNAME
--------------------------------------------------------------------------------
     PRICE    DCRATIO
---------- ----------
PRODESC
--------------------------------------------------------------------------------
       QTY
----------
IMGFILE
--------------------------------------------------------------------------------
BIGFILE
--------------------------------------------------------------------------------
https://st.kakaocdn.net/product/gift/editor/20240330085455_3b871edc234741b085679

       PNO
----------
PNAME
--------------------------------------------------------------------------------
     PRICE    DCRATIO
---------- ----------
PRODESC
--------------------------------------------------------------------------------
       QTY
----------
IMGFILE
--------------------------------------------------------------------------------
BIGFILE
--------------------------------------------------------------------------------
4e53c5ec704.jpg

       PNO
----------
PNAME
--------------------------------------------------------------------------------
     PRICE    DCRATIO
---------- ----------
PRODESC
--------------------------------------------------------------------------------
       QTY
----------
IMGFILE
--------------------------------------------------------------------------------
BIGFILE
--------------------------------------------------------------------------------


       PNO
----------
PNAME
--------------------------------------------------------------------------------
     PRICE    DCRATIO
---------- ----------
PRODESC
--------------------------------------------------------------------------------
       QTY
----------
IMGFILE
--------------------------------------------------------------------------------
BIGFILE
--------------------------------------------------------------------------------
         4

       PNO
----------
PNAME
--------------------------------------------------------------------------------
     PRICE    DCRATIO
---------- ----------
PRODESC
--------------------------------------------------------------------------------
       QTY
----------
IMGFILE
--------------------------------------------------------------------------------
BIGFILE
--------------------------------------------------------------------------------
앙골 라탄 숄더백 여름 데일리백

       PNO
----------
PNAME
--------------------------------------------------------------------------------
     PRICE    DCRATIO
---------- ----------
PRODESC
--------------------------------------------------------------------------------
       QTY
----------
IMGFILE
--------------------------------------------------------------------------------
BIGFILE
--------------------------------------------------------------------------------
     16700          0

       PNO
----------
PNAME
--------------------------------------------------------------------------------
     PRICE    DCRATIO
---------- ----------
PRODESC
--------------------------------------------------------------------------------
       QTY
----------
IMGFILE
--------------------------------------------------------------------------------
BIGFILE
--------------------------------------------------------------------------------
색상 블랙이랑 알록달록 있음

       PNO
----------
PNAME
--------------------------------------------------------------------------------
     PRICE    DCRATIO
---------- ----------
PRODESC
--------------------------------------------------------------------------------
       QTY
----------
IMGFILE
--------------------------------------------------------------------------------
BIGFILE
--------------------------------------------------------------------------------
        50

       PNO
----------
PNAME
--------------------------------------------------------------------------------
     PRICE    DCRATIO
---------- ----------
PRODESC
--------------------------------------------------------------------------------
       QTY
----------
IMGFILE
--------------------------------------------------------------------------------
BIGFILE
--------------------------------------------------------------------------------
https://shop-phinf.pstatic.net/20230518_168/1684379089023uw4eT_JPEG/%EB%9D%BC%ED

       PNO
----------
PNAME
--------------------------------------------------------------------------------
     PRICE    DCRATIO
---------- ----------
PRODESC
--------------------------------------------------------------------------------
       QTY
----------
IMGFILE
--------------------------------------------------------------------------------
BIGFILE
--------------------------------------------------------------------------------
%83%84%EB%B0%B1.jpg?type=w860

       PNO
----------
PNAME
--------------------------------------------------------------------------------
     PRICE    DCRATIO
---------- ----------
PRODESC
--------------------------------------------------------------------------------
       QTY
----------
IMGFILE
--------------------------------------------------------------------------------
BIGFILE
--------------------------------------------------------------------------------
https://shop-phinf.pstatic.net/20230518_168/1684379089023uw4eT_JPEG/%EB%9D%BC%ED

       PNO
----------
PNAME
--------------------------------------------------------------------------------
     PRICE    DCRATIO
---------- ----------
PRODESC
--------------------------------------------------------------------------------
       QTY
----------
IMGFILE
--------------------------------------------------------------------------------
BIGFILE
--------------------------------------------------------------------------------
%83%84%EB%B0%B1.jpg?type=w860

       PNO
----------
PNAME
--------------------------------------------------------------------------------
     PRICE    DCRATIO
---------- ----------
PRODESC
--------------------------------------------------------------------------------
       QTY
----------
IMGFILE
--------------------------------------------------------------------------------
BIGFILE
--------------------------------------------------------------------------------


       PNO
----------
PNAME
--------------------------------------------------------------------------------
     PRICE    DCRATIO
---------- ----------
PRODESC
--------------------------------------------------------------------------------
       QTY
----------
IMGFILE
--------------------------------------------------------------------------------
BIGFILE
--------------------------------------------------------------------------------
         5

       PNO
----------
PNAME
--------------------------------------------------------------------------------
     PRICE    DCRATIO
---------- ----------
PRODESC
--------------------------------------------------------------------------------
       QTY
----------
IMGFILE
--------------------------------------------------------------------------------
BIGFILE
--------------------------------------------------------------------------------
부각믹스 3봉 식품

       PNO
----------
PNAME
--------------------------------------------------------------------------------
     PRICE    DCRATIO
---------- ----------
PRODESC
--------------------------------------------------------------------------------
       QTY
----------
IMGFILE
--------------------------------------------------------------------------------
BIGFILE
--------------------------------------------------------------------------------
    247950         80

       PNO
----------
PNAME
--------------------------------------------------------------------------------
     PRICE    DCRATIO
---------- ----------
PRODESC
--------------------------------------------------------------------------------
       QTY
----------
IMGFILE
--------------------------------------------------------------------------------
BIGFILE
--------------------------------------------------------------------------------
오후 3시이전 결제 당일배송

       PNO
----------
PNAME
--------------------------------------------------------------------------------
     PRICE    DCRATIO
---------- ----------
PRODESC
--------------------------------------------------------------------------------
       QTY
----------
IMGFILE
--------------------------------------------------------------------------------
BIGFILE
--------------------------------------------------------------------------------
       100

       PNO
----------
PNAME
--------------------------------------------------------------------------------
     PRICE    DCRATIO
---------- ----------
PRODESC
--------------------------------------------------------------------------------
       QTY
----------
IMGFILE
--------------------------------------------------------------------------------
BIGFILE
--------------------------------------------------------------------------------
https://shop-phinf.pstatic.net/20221207_156/1670379523020oHgzQ_JPEG/715154117111

       PNO
----------
PNAME
--------------------------------------------------------------------------------
     PRICE    DCRATIO
---------- ----------
PRODESC
--------------------------------------------------------------------------------
       QTY
----------
IMGFILE
--------------------------------------------------------------------------------
BIGFILE
--------------------------------------------------------------------------------
90531_2123150618.jpg?type=w860

       PNO
----------
PNAME
--------------------------------------------------------------------------------
     PRICE    DCRATIO
---------- ----------
PRODESC
--------------------------------------------------------------------------------
       QTY
----------
IMGFILE
--------------------------------------------------------------------------------
BIGFILE
--------------------------------------------------------------------------------
https://coudae.s3.ap-northeast-2.amazonaws.com/A00688914/cloud/4792.jpg

       PNO
----------
PNAME
--------------------------------------------------------------------------------
     PRICE    DCRATIO
---------- ----------
PRODESC
--------------------------------------------------------------------------------
       QTY
----------
IMGFILE
--------------------------------------------------------------------------------
BIGFILE
--------------------------------------------------------------------------------


       PNO
----------
PNAME
--------------------------------------------------------------------------------
     PRICE    DCRATIO
---------- ----------
PRODESC
--------------------------------------------------------------------------------
       QTY
----------
IMGFILE
--------------------------------------------------------------------------------
BIGFILE
--------------------------------------------------------------------------------
         6

       PNO
----------
PNAME
--------------------------------------------------------------------------------
     PRICE    DCRATIO
---------- ----------
PRODESC
--------------------------------------------------------------------------------
       QTY
----------
IMGFILE
--------------------------------------------------------------------------------
BIGFILE
--------------------------------------------------------------------------------
스텔라 댄싱 스톤 실버 목걸이 2종

       PNO
----------
PNAME
--------------------------------------------------------------------------------
     PRICE    DCRATIO
---------- ----------
PRODESC
--------------------------------------------------------------------------------
       QTY
----------
IMGFILE
--------------------------------------------------------------------------------
BIGFILE
--------------------------------------------------------------------------------
    137300         50

       PNO
----------
PNAME
--------------------------------------------------------------------------------
     PRICE    DCRATIO
---------- ----------
PRODESC
--------------------------------------------------------------------------------
       QTY
----------
IMGFILE
--------------------------------------------------------------------------------
BIGFILE
--------------------------------------------------------------------------------
순도 100% 은 사용

       PNO
----------
PNAME
--------------------------------------------------------------------------------
     PRICE    DCRATIO
---------- ----------
PRODESC
--------------------------------------------------------------------------------
       QTY
----------
IMGFILE
--------------------------------------------------------------------------------
BIGFILE
--------------------------------------------------------------------------------
        10

       PNO
----------
PNAME
--------------------------------------------------------------------------------
     PRICE    DCRATIO
---------- ----------
PRODESC
--------------------------------------------------------------------------------
       QTY
----------
IMGFILE
--------------------------------------------------------------------------------
BIGFILE
--------------------------------------------------------------------------------
https://t30.azb.co.kr/view/1000x/BcFLCoMwEADQw4hLMzNJ/HVli6WgCAUFl0GkNRa0QzMg3r7

       PNO
----------
PNAME
--------------------------------------------------------------------------------
     PRICE    DCRATIO
---------- ----------
PRODESC
--------------------------------------------------------------------------------
       QTY
----------
IMGFILE
--------------------------------------------------------------------------------
BIGFILE
--------------------------------------------------------------------------------
vtZh3Q/9rb8c1NrWtz3BUUTX0OI1ehMMFIPgvJ+zX/a04yCTrrPaXgEatsUBylGdAWVoaaywVhLht3XK

       PNO
----------
PNAME
--------------------------------------------------------------------------------
     PRICE    DCRATIO
---------- ----------
PRODESC
--------------------------------------------------------------------------------
       QTY
----------
IMGFILE
--------------------------------------------------------------------------------
BIGFILE
--------------------------------------------------------------------------------
65nl/ABHq1DhSH17+

       PNO
----------
PNAME
--------------------------------------------------------------------------------
     PRICE    DCRATIO
---------- ----------
PRODESC
--------------------------------------------------------------------------------
       QTY
----------
IMGFILE
--------------------------------------------------------------------------------
BIGFILE
--------------------------------------------------------------------------------
https://t30.azb.co.kr/view/1000x/BcFLCoMwEADQw4hLMzNJ/HVli6WgCAUFl0GkNRa0QzMg3r7

       PNO
----------
PNAME
--------------------------------------------------------------------------------
     PRICE    DCRATIO
---------- ----------
PRODESC
--------------------------------------------------------------------------------
       QTY
----------
IMGFILE
--------------------------------------------------------------------------------
BIGFILE
--------------------------------------------------------------------------------
vtZh3Q/9rb8c1NrWtz3BUUTX0OI1ehMMFIPgvJ+zX/a04yCTrrPaXgEatsUBylGdAWVoaaywVhLht3XK

       PNO
----------
PNAME
--------------------------------------------------------------------------------
     PRICE    DCRATIO
---------- ----------
PRODESC
--------------------------------------------------------------------------------
       QTY
----------
IMGFILE
--------------------------------------------------------------------------------
BIGFILE
--------------------------------------------------------------------------------
65nl/ABHq1DhSH17+

       PNO
----------
PNAME
--------------------------------------------------------------------------------
     PRICE    DCRATIO
---------- ----------
PRODESC
--------------------------------------------------------------------------------
       QTY
----------
IMGFILE
--------------------------------------------------------------------------------
BIGFILE
--------------------------------------------------------------------------------


       PNO
----------
PNAME
--------------------------------------------------------------------------------
     PRICE    DCRATIO
---------- ----------
PRODESC
--------------------------------------------------------------------------------
       QTY
----------
IMGFILE
--------------------------------------------------------------------------------
BIGFILE
--------------------------------------------------------------------------------
         7

       PNO
----------
PNAME
--------------------------------------------------------------------------------
     PRICE    DCRATIO
---------- ----------
PRODESC
--------------------------------------------------------------------------------
       QTY
----------
IMGFILE
--------------------------------------------------------------------------------
BIGFILE
--------------------------------------------------------------------------------
강아지 건강사료

       PNO
----------
PNAME
--------------------------------------------------------------------------------
     PRICE    DCRATIO
---------- ----------
PRODESC
--------------------------------------------------------------------------------
       QTY
----------
IMGFILE
--------------------------------------------------------------------------------
BIGFILE
--------------------------------------------------------------------------------
     40000         17

       PNO
----------
PNAME
--------------------------------------------------------------------------------
     PRICE    DCRATIO
---------- ----------
PRODESC
--------------------------------------------------------------------------------
       QTY
----------
IMGFILE
--------------------------------------------------------------------------------
BIGFILE
--------------------------------------------------------------------------------
우리 아이의 건강을 돕는 사료

       PNO
----------
PNAME
--------------------------------------------------------------------------------
     PRICE    DCRATIO
---------- ----------
PRODESC
--------------------------------------------------------------------------------
       QTY
----------
IMGFILE
--------------------------------------------------------------------------------
BIGFILE
--------------------------------------------------------------------------------
       100

       PNO
----------
PNAME
--------------------------------------------------------------------------------
     PRICE    DCRATIO
---------- ----------
PRODESC
--------------------------------------------------------------------------------
       QTY
----------
IMGFILE
--------------------------------------------------------------------------------
BIGFILE
--------------------------------------------------------------------------------
https://shop-phinf.pstatic.net/20240305_242/1709606148888W8LcO_JPEG/110741976696

       PNO
----------
PNAME
--------------------------------------------------------------------------------
     PRICE    DCRATIO
---------- ----------
PRODESC
--------------------------------------------------------------------------------
       QTY
----------
IMGFILE
--------------------------------------------------------------------------------
BIGFILE
--------------------------------------------------------------------------------
854067_1343315304.jpg?type=f40

       PNO
----------
PNAME
--------------------------------------------------------------------------------
     PRICE    DCRATIO
---------- ----------
PRODESC
--------------------------------------------------------------------------------
       QTY
----------
IMGFILE
--------------------------------------------------------------------------------
BIGFILE
--------------------------------------------------------------------------------
https://shop-phinf.pstatic.net/20240305_242/1709606148888W8LcO_JPEG/110741976696

       PNO
----------
PNAME
--------------------------------------------------------------------------------
     PRICE    DCRATIO
---------- ----------
PRODESC
--------------------------------------------------------------------------------
       QTY
----------
IMGFILE
--------------------------------------------------------------------------------
BIGFILE
--------------------------------------------------------------------------------
854067_1343315304.jpg?type=m510

       PNO
----------
PNAME
--------------------------------------------------------------------------------
     PRICE    DCRATIO
---------- ----------
PRODESC
--------------------------------------------------------------------------------
       QTY
----------
IMGFILE
--------------------------------------------------------------------------------
BIGFILE
--------------------------------------------------------------------------------


       PNO
----------
PNAME
--------------------------------------------------------------------------------
     PRICE    DCRATIO
---------- ----------
PRODESC
--------------------------------------------------------------------------------
       QTY
----------
IMGFILE
--------------------------------------------------------------------------------
BIGFILE
--------------------------------------------------------------------------------
         8

       PNO
----------
PNAME
--------------------------------------------------------------------------------
     PRICE    DCRATIO
---------- ----------
PRODESC
--------------------------------------------------------------------------------
       QTY
----------
IMGFILE
--------------------------------------------------------------------------------
BIGFILE
--------------------------------------------------------------------------------
끌로에 향수 75ML

       PNO
----------
PNAME
--------------------------------------------------------------------------------
     PRICE    DCRATIO
---------- ----------
PRODESC
--------------------------------------------------------------------------------
       QTY
----------
IMGFILE
--------------------------------------------------------------------------------
BIGFILE
--------------------------------------------------------------------------------
    193000         15

       PNO
----------
PNAME
--------------------------------------------------------------------------------
     PRICE    DCRATIO
---------- ----------
PRODESC
--------------------------------------------------------------------------------
       QTY
----------
IMGFILE
--------------------------------------------------------------------------------
BIGFILE
--------------------------------------------------------------------------------
여성스럽고 우아한 장미향의 대명사

       PNO
----------
PNAME
--------------------------------------------------------------------------------
     PRICE    DCRATIO
---------- ----------
PRODESC
--------------------------------------------------------------------------------
       QTY
----------
IMGFILE
--------------------------------------------------------------------------------
BIGFILE
--------------------------------------------------------------------------------
       150

       PNO
----------
PNAME
--------------------------------------------------------------------------------
     PRICE    DCRATIO
---------- ----------
PRODESC
--------------------------------------------------------------------------------
       QTY
----------
IMGFILE
--------------------------------------------------------------------------------
BIGFILE
--------------------------------------------------------------------------------
https://shop-phinf.pstatic.net/20240328_64/1711606515949rbNsn_JPEG/1127424116425

       PNO
----------
PNAME
--------------------------------------------------------------------------------
     PRICE    DCRATIO
---------- ----------
PRODESC
--------------------------------------------------------------------------------
       QTY
----------
IMGFILE
--------------------------------------------------------------------------------
BIGFILE
--------------------------------------------------------------------------------
89860_592661793.jpg?type=f40

       PNO
----------
PNAME
--------------------------------------------------------------------------------
     PRICE    DCRATIO
---------- ----------
PRODESC
--------------------------------------------------------------------------------
       QTY
----------
IMGFILE
--------------------------------------------------------------------------------
BIGFILE
--------------------------------------------------------------------------------
https://shop-phinf.pstatic.net/20240328_64/1711606515949rbNsn_JPEG/1127424116425

       PNO
----------
PNAME
--------------------------------------------------------------------------------
     PRICE    DCRATIO
---------- ----------
PRODESC
--------------------------------------------------------------------------------
       QTY
----------
IMGFILE
--------------------------------------------------------------------------------
BIGFILE
--------------------------------------------------------------------------------
89860_592661793.jpg?type=m510

       PNO
----------
PNAME
--------------------------------------------------------------------------------
     PRICE    DCRATIO
---------- ----------
PRODESC
--------------------------------------------------------------------------------
       QTY
----------
IMGFILE
--------------------------------------------------------------------------------
BIGFILE
--------------------------------------------------------------------------------


       PNO
----------
PNAME
--------------------------------------------------------------------------------
     PRICE    DCRATIO
---------- ----------
PRODESC
--------------------------------------------------------------------------------
       QTY
----------
IMGFILE
--------------------------------------------------------------------------------
BIGFILE
--------------------------------------------------------------------------------
         9

       PNO
----------
PNAME
--------------------------------------------------------------------------------
     PRICE    DCRATIO
---------- ----------
PRODESC
--------------------------------------------------------------------------------
       QTY
----------
IMGFILE
--------------------------------------------------------------------------------
BIGFILE
--------------------------------------------------------------------------------
사이드테이블 S

       PNO
----------
PNAME
--------------------------------------------------------------------------------
     PRICE    DCRATIO
---------- ----------
PRODESC
--------------------------------------------------------------------------------
       QTY
----------
IMGFILE
--------------------------------------------------------------------------------
BIGFILE
--------------------------------------------------------------------------------
    200000         85

       PNO
----------
PNAME
--------------------------------------------------------------------------------
     PRICE    DCRATIO
---------- ----------
PRODESC
--------------------------------------------------------------------------------
       QTY
----------
IMGFILE
--------------------------------------------------------------------------------
BIGFILE
--------------------------------------------------------------------------------
트렌디한 심플 디자인 감각적인 인테리어 원형테이블

       PNO
----------
PNAME
--------------------------------------------------------------------------------
     PRICE    DCRATIO
---------- ----------
PRODESC
--------------------------------------------------------------------------------
       QTY
----------
IMGFILE
--------------------------------------------------------------------------------
BIGFILE
--------------------------------------------------------------------------------
        50

       PNO
----------
PNAME
--------------------------------------------------------------------------------
     PRICE    DCRATIO
---------- ----------
PRODESC
--------------------------------------------------------------------------------
       QTY
----------
IMGFILE
--------------------------------------------------------------------------------
BIGFILE
--------------------------------------------------------------------------------
https://shop-phinf.pstatic.net/20230221_76/1676938454183VMVom_JPEG/7807429688775

       PNO
----------
PNAME
--------------------------------------------------------------------------------
     PRICE    DCRATIO
---------- ----------
PRODESC
--------------------------------------------------------------------------------
       QTY
----------
IMGFILE
--------------------------------------------------------------------------------
BIGFILE
--------------------------------------------------------------------------------
0030_960351452.jpg?type=f40

       PNO
----------
PNAME
--------------------------------------------------------------------------------
     PRICE    DCRATIO
---------- ----------
PRODESC
--------------------------------------------------------------------------------
       QTY
----------
IMGFILE
--------------------------------------------------------------------------------
BIGFILE
--------------------------------------------------------------------------------
https://shop-phinf.pstatic.net/20230221_297/1676938461325BRSJS_JPEG/780743040053

       PNO
----------
PNAME
--------------------------------------------------------------------------------
     PRICE    DCRATIO
---------- ----------
PRODESC
--------------------------------------------------------------------------------
       QTY
----------
IMGFILE
--------------------------------------------------------------------------------
BIGFILE
--------------------------------------------------------------------------------
16602_356502135.jpg?type=m510

       PNO
----------
PNAME
--------------------------------------------------------------------------------
     PRICE    DCRATIO
---------- ----------
PRODESC
--------------------------------------------------------------------------------
       QTY
----------
IMGFILE
--------------------------------------------------------------------------------
BIGFILE
--------------------------------------------------------------------------------


       PNO
----------
PNAME
--------------------------------------------------------------------------------
     PRICE    DCRATIO
---------- ----------
PRODESC
--------------------------------------------------------------------------------
       QTY
----------
IMGFILE
--------------------------------------------------------------------------------
BIGFILE
--------------------------------------------------------------------------------
        11

       PNO
----------
PNAME
--------------------------------------------------------------------------------
     PRICE    DCRATIO
---------- ----------
PRODESC
--------------------------------------------------------------------------------
       QTY
----------
IMGFILE
--------------------------------------------------------------------------------
BIGFILE
--------------------------------------------------------------------------------
타요 주차타워 세트

       PNO
----------
PNAME
--------------------------------------------------------------------------------
     PRICE    DCRATIO
---------- ----------
PRODESC
--------------------------------------------------------------------------------
       QTY
----------
IMGFILE
--------------------------------------------------------------------------------
BIGFILE
--------------------------------------------------------------------------------
    220000         36

       PNO
----------
PNAME
--------------------------------------------------------------------------------
     PRICE    DCRATIO
---------- ----------
PRODESC
--------------------------------------------------------------------------------
       QTY
----------
IMGFILE
--------------------------------------------------------------------------------
BIGFILE
--------------------------------------------------------------------------------
타요와 친구들의 새로운 놀이터!

       PNO
----------
PNAME
--------------------------------------------------------------------------------
     PRICE    DCRATIO
---------- ----------
PRODESC
--------------------------------------------------------------------------------
       QTY
----------
IMGFILE
--------------------------------------------------------------------------------
BIGFILE
--------------------------------------------------------------------------------
       300

       PNO
----------
PNAME
--------------------------------------------------------------------------------
     PRICE    DCRATIO
---------- ----------
PRODESC
--------------------------------------------------------------------------------
       QTY
----------
IMGFILE
--------------------------------------------------------------------------------
BIGFILE
--------------------------------------------------------------------------------
https://shop-phinf.pstatic.net/20231219_75/1702946861882jlB1B_JPEG/8433893864134

       PNO
----------
PNAME
--------------------------------------------------------------------------------
     PRICE    DCRATIO
---------- ----------
PRODESC
--------------------------------------------------------------------------------
       QTY
----------
IMGFILE
--------------------------------------------------------------------------------
BIGFILE
--------------------------------------------------------------------------------
925_780932944.jpg?type=m510

       PNO
----------
PNAME
--------------------------------------------------------------------------------
     PRICE    DCRATIO
---------- ----------
PRODESC
--------------------------------------------------------------------------------
       QTY
----------
IMGFILE
--------------------------------------------------------------------------------
BIGFILE
--------------------------------------------------------------------------------
https://shop-phinf.pstatic.net/20231219_75/1702946861882jlB1B_JPEG/8433893864134

       PNO
----------
PNAME
--------------------------------------------------------------------------------
     PRICE    DCRATIO
---------- ----------
PRODESC
--------------------------------------------------------------------------------
       QTY
----------
IMGFILE
--------------------------------------------------------------------------------
BIGFILE
--------------------------------------------------------------------------------
925_780932944.jpg?type=m510

       PNO
----------
PNAME
--------------------------------------------------------------------------------
     PRICE    DCRATIO
---------- ----------
PRODESC
--------------------------------------------------------------------------------
       QTY
----------
IMGFILE
--------------------------------------------------------------------------------
BIGFILE
--------------------------------------------------------------------------------


       PNO
----------
PNAME
--------------------------------------------------------------------------------
     PRICE    DCRATIO
---------- ----------
PRODESC
--------------------------------------------------------------------------------
       QTY
----------
IMGFILE
--------------------------------------------------------------------------------
BIGFILE
--------------------------------------------------------------------------------
        12

       PNO
----------
PNAME
--------------------------------------------------------------------------------
     PRICE    DCRATIO
---------- ----------
PRODESC
--------------------------------------------------------------------------------
       QTY
----------
IMGFILE
--------------------------------------------------------------------------------
BIGFILE
--------------------------------------------------------------------------------
저당 초콜릿 초코바

       PNO
----------
PNAME
--------------------------------------------------------------------------------
     PRICE    DCRATIO
---------- ----------
PRODESC
--------------------------------------------------------------------------------
       QTY
----------
IMGFILE
--------------------------------------------------------------------------------
BIGFILE
--------------------------------------------------------------------------------
      9400          8

       PNO
----------
PNAME
--------------------------------------------------------------------------------
     PRICE    DCRATIO
---------- ----------
PRODESC
--------------------------------------------------------------------------------
       QTY
----------
IMGFILE
--------------------------------------------------------------------------------
BIGFILE
--------------------------------------------------------------------------------
가볍게 즐기는 초콜릿 바 아이스크림

       PNO
----------
PNAME
--------------------------------------------------------------------------------
     PRICE    DCRATIO
---------- ----------
PRODESC
--------------------------------------------------------------------------------
       QTY
----------
IMGFILE
--------------------------------------------------------------------------------
BIGFILE
--------------------------------------------------------------------------------
        75

       PNO
----------
PNAME
--------------------------------------------------------------------------------
     PRICE    DCRATIO
---------- ----------
PRODESC
--------------------------------------------------------------------------------
       QTY
----------
IMGFILE
--------------------------------------------------------------------------------
BIGFILE
--------------------------------------------------------------------------------
https://shop-phinf.pstatic.net/20240327_83/1711502452444KWWFV_JPEG/1993841451288

       PNO
----------
PNAME
--------------------------------------------------------------------------------
     PRICE    DCRATIO
---------- ----------
PRODESC
--------------------------------------------------------------------------------
       QTY
----------
IMGFILE
--------------------------------------------------------------------------------
BIGFILE
--------------------------------------------------------------------------------
540_1790779556.jpg?type=m510

       PNO
----------
PNAME
--------------------------------------------------------------------------------
     PRICE    DCRATIO
---------- ----------
PRODESC
--------------------------------------------------------------------------------
       QTY
----------
IMGFILE
--------------------------------------------------------------------------------
BIGFILE
--------------------------------------------------------------------------------
https://shop-phinf.pstatic.net/20231129_152/1701237158849K4typ_JPEG/683752964411

       PNO
----------
PNAME
--------------------------------------------------------------------------------
     PRICE    DCRATIO
---------- ----------
PRODESC
--------------------------------------------------------------------------------
       QTY
----------
IMGFILE
--------------------------------------------------------------------------------
BIGFILE
--------------------------------------------------------------------------------
0370_445197186.jpg?type=m510

       PNO
----------
PNAME
--------------------------------------------------------------------------------
     PRICE    DCRATIO
---------- ----------
PRODESC
--------------------------------------------------------------------------------
       QTY
----------
IMGFILE
--------------------------------------------------------------------------------
BIGFILE
--------------------------------------------------------------------------------


       PNO
----------
PNAME
--------------------------------------------------------------------------------
     PRICE    DCRATIO
---------- ----------
PRODESC
--------------------------------------------------------------------------------
       QTY
----------
IMGFILE
--------------------------------------------------------------------------------
BIGFILE
--------------------------------------------------------------------------------
        13

       PNO
----------
PNAME
--------------------------------------------------------------------------------
     PRICE    DCRATIO
---------- ----------
PRODESC
--------------------------------------------------------------------------------
       QTY
----------
IMGFILE
--------------------------------------------------------------------------------
BIGFILE
--------------------------------------------------------------------------------
뉴질랜드 루비레드 키위

       PNO
----------
PNAME
--------------------------------------------------------------------------------
     PRICE    DCRATIO
---------- ----------
PRODESC
--------------------------------------------------------------------------------
       QTY
----------
IMGFILE
--------------------------------------------------------------------------------
BIGFILE
--------------------------------------------------------------------------------
     24900         21

       PNO
----------
PNAME
--------------------------------------------------------------------------------
     PRICE    DCRATIO
---------- ----------
PRODESC
--------------------------------------------------------------------------------
       QTY
----------
IMGFILE
--------------------------------------------------------------------------------
BIGFILE
--------------------------------------------------------------------------------
생동감 넘치는 붉은빛을 뽐내는 뉴질랜드 루비레드

       PNO
----------
PNAME
--------------------------------------------------------------------------------
     PRICE    DCRATIO
---------- ----------
PRODESC
--------------------------------------------------------------------------------
       QTY
----------
IMGFILE
--------------------------------------------------------------------------------
BIGFILE
--------------------------------------------------------------------------------
       120

       PNO
----------
PNAME
--------------------------------------------------------------------------------
     PRICE    DCRATIO
---------- ----------
PRODESC
--------------------------------------------------------------------------------
       QTY
----------
IMGFILE
--------------------------------------------------------------------------------
BIGFILE
--------------------------------------------------------------------------------
https://shop-phinf.pstatic.net/20240414_291/1713097685609ipHKk_JPEG/370090885284

       PNO
----------
PNAME
--------------------------------------------------------------------------------
     PRICE    DCRATIO
---------- ----------
PRODESC
--------------------------------------------------------------------------------
       QTY
----------
IMGFILE
--------------------------------------------------------------------------------
BIGFILE
--------------------------------------------------------------------------------
34870_83385394.jpg?type=m510

       PNO
----------
PNAME
--------------------------------------------------------------------------------
     PRICE    DCRATIO
---------- ----------
PRODESC
--------------------------------------------------------------------------------
       QTY
----------
IMGFILE
--------------------------------------------------------------------------------
BIGFILE
--------------------------------------------------------------------------------
https://shop-phinf.pstatic.net/20240414_246/17130976859247mmBl_JPEG/370090888444

       PNO
----------
PNAME
--------------------------------------------------------------------------------
     PRICE    DCRATIO
---------- ----------
PRODESC
--------------------------------------------------------------------------------
       QTY
----------
IMGFILE
--------------------------------------------------------------------------------
BIGFILE
--------------------------------------------------------------------------------
11857_1352452471.jpg?type=m510

       PNO
----------
PNAME
--------------------------------------------------------------------------------
     PRICE    DCRATIO
---------- ----------
PRODESC
--------------------------------------------------------------------------------
       QTY
----------
IMGFILE
--------------------------------------------------------------------------------
BIGFILE
--------------------------------------------------------------------------------


       PNO
----------
PNAME
--------------------------------------------------------------------------------
     PRICE    DCRATIO
---------- ----------
PRODESC
--------------------------------------------------------------------------------
       QTY
----------
IMGFILE
--------------------------------------------------------------------------------
BIGFILE
--------------------------------------------------------------------------------
        14

       PNO
----------
PNAME
--------------------------------------------------------------------------------
     PRICE    DCRATIO
---------- ----------
PRODESC
--------------------------------------------------------------------------------
       QTY
----------
IMGFILE
--------------------------------------------------------------------------------
BIGFILE
--------------------------------------------------------------------------------
호박인절미 떡케이크

       PNO
----------
PNAME
--------------------------------------------------------------------------------
     PRICE    DCRATIO
---------- ----------
PRODESC
--------------------------------------------------------------------------------
       QTY
----------
IMGFILE
--------------------------------------------------------------------------------
BIGFILE
--------------------------------------------------------------------------------
     35900          8

       PNO
----------
PNAME
--------------------------------------------------------------------------------
     PRICE    DCRATIO
---------- ----------
PRODESC
--------------------------------------------------------------------------------
       QTY
----------
IMGFILE
--------------------------------------------------------------------------------
BIGFILE
--------------------------------------------------------------------------------
쫄깃하고 고소한 호박인절미 떡케이크

       PNO
----------
PNAME
--------------------------------------------------------------------------------
     PRICE    DCRATIO
---------- ----------
PRODESC
--------------------------------------------------------------------------------
       QTY
----------
IMGFILE
--------------------------------------------------------------------------------
BIGFILE
--------------------------------------------------------------------------------
        50

       PNO
----------
PNAME
--------------------------------------------------------------------------------
     PRICE    DCRATIO
---------- ----------
PRODESC
--------------------------------------------------------------------------------
       QTY
----------
IMGFILE
--------------------------------------------------------------------------------
BIGFILE
--------------------------------------------------------------------------------
https://shop-phinf.pstatic.net/20240416_42/1713252161818VPi3V_JPEG/4650692665541

       PNO
----------
PNAME
--------------------------------------------------------------------------------
     PRICE    DCRATIO
---------- ----------
PRODESC
--------------------------------------------------------------------------------
       QTY
----------
IMGFILE
--------------------------------------------------------------------------------
BIGFILE
--------------------------------------------------------------------------------
145_2096151676.jpg?type=m510

       PNO
----------
PNAME
--------------------------------------------------------------------------------
     PRICE    DCRATIO
---------- ----------
PRODESC
--------------------------------------------------------------------------------
       QTY
----------
IMGFILE
--------------------------------------------------------------------------------
BIGFILE
--------------------------------------------------------------------------------
https://shop-phinf.pstatic.net/20231116_251/1700110052124Deipi_JPEG/992930096851

       PNO
----------
PNAME
--------------------------------------------------------------------------------
     PRICE    DCRATIO
---------- ----------
PRODESC
--------------------------------------------------------------------------------
       QTY
----------
IMGFILE
--------------------------------------------------------------------------------
BIGFILE
--------------------------------------------------------------------------------
4127_28673799.jpg?type=m510

       PNO
----------
PNAME
--------------------------------------------------------------------------------
     PRICE    DCRATIO
---------- ----------
PRODESC
--------------------------------------------------------------------------------
       QTY
----------
IMGFILE
--------------------------------------------------------------------------------
BIGFILE
--------------------------------------------------------------------------------


       PNO
----------
PNAME
--------------------------------------------------------------------------------
     PRICE    DCRATIO
---------- ----------
PRODESC
--------------------------------------------------------------------------------
       QTY
----------
IMGFILE
--------------------------------------------------------------------------------
BIGFILE
--------------------------------------------------------------------------------
        15

       PNO
----------
PNAME
--------------------------------------------------------------------------------
     PRICE    DCRATIO
---------- ----------
PRODESC
--------------------------------------------------------------------------------
       QTY
----------
IMGFILE
--------------------------------------------------------------------------------
BIGFILE
--------------------------------------------------------------------------------
구운란

       PNO
----------
PNAME
--------------------------------------------------------------------------------
     PRICE    DCRATIO
---------- ----------
PRODESC
--------------------------------------------------------------------------------
       QTY
----------
IMGFILE
--------------------------------------------------------------------------------
BIGFILE
--------------------------------------------------------------------------------
     11900         26

       PNO
----------
PNAME
--------------------------------------------------------------------------------
     PRICE    DCRATIO
---------- ----------
PRODESC
--------------------------------------------------------------------------------
       QTY
----------
IMGFILE
--------------------------------------------------------------------------------
BIGFILE
--------------------------------------------------------------------------------
고소하고 부드럽게 구운 맛있는 계란

       PNO
----------
PNAME
--------------------------------------------------------------------------------
     PRICE    DCRATIO
---------- ----------
PRODESC
--------------------------------------------------------------------------------
       QTY
----------
IMGFILE
--------------------------------------------------------------------------------
BIGFILE
--------------------------------------------------------------------------------
       250

       PNO
----------
PNAME
--------------------------------------------------------------------------------
     PRICE    DCRATIO
---------- ----------
PRODESC
--------------------------------------------------------------------------------
       QTY
----------
IMGFILE
--------------------------------------------------------------------------------
BIGFILE
--------------------------------------------------------------------------------
https://shop-phinf.pstatic.net/20231219_164/1702974452224agqPp_JPEG/298306405975

       PNO
----------
PNAME
--------------------------------------------------------------------------------
     PRICE    DCRATIO
---------- ----------
PRODESC
--------------------------------------------------------------------------------
       QTY
----------
IMGFILE
--------------------------------------------------------------------------------
BIGFILE
--------------------------------------------------------------------------------
6715_487347420.jpg?type=m510

       PNO
----------
PNAME
--------------------------------------------------------------------------------
     PRICE    DCRATIO
---------- ----------
PRODESC
--------------------------------------------------------------------------------
       QTY
----------
IMGFILE
--------------------------------------------------------------------------------
BIGFILE
--------------------------------------------------------------------------------
https://shop-phinf.pstatic.net/20231219_147/1702974452364BNcBz_JPEG/298306419912

       PNO
----------
PNAME
--------------------------------------------------------------------------------
     PRICE    DCRATIO
---------- ----------
PRODESC
--------------------------------------------------------------------------------
       QTY
----------
IMGFILE
--------------------------------------------------------------------------------
BIGFILE
--------------------------------------------------------------------------------
6229_357196618.jpg?type=m510

       PNO
----------
PNAME
--------------------------------------------------------------------------------
     PRICE    DCRATIO
---------- ----------
PRODESC
--------------------------------------------------------------------------------
       QTY
----------
IMGFILE
--------------------------------------------------------------------------------
BIGFILE
--------------------------------------------------------------------------------


       PNO
----------
PNAME
--------------------------------------------------------------------------------
     PRICE    DCRATIO
---------- ----------
PRODESC
--------------------------------------------------------------------------------
       QTY
----------
IMGFILE
--------------------------------------------------------------------------------
BIGFILE
--------------------------------------------------------------------------------
        16

       PNO
----------
PNAME
--------------------------------------------------------------------------------
     PRICE    DCRATIO
---------- ----------
PRODESC
--------------------------------------------------------------------------------
       QTY
----------
IMGFILE
--------------------------------------------------------------------------------
BIGFILE
--------------------------------------------------------------------------------
케이준 치킨 샐러드

       PNO
----------
PNAME
--------------------------------------------------------------------------------
     PRICE    DCRATIO
---------- ----------
PRODESC
--------------------------------------------------------------------------------
       QTY
----------
IMGFILE
--------------------------------------------------------------------------------
BIGFILE
--------------------------------------------------------------------------------
      3990         17

       PNO
----------
PNAME
--------------------------------------------------------------------------------
     PRICE    DCRATIO
---------- ----------
PRODESC
--------------------------------------------------------------------------------
       QTY
----------
IMGFILE
--------------------------------------------------------------------------------
BIGFILE
--------------------------------------------------------------------------------
신선함을 담아낸 케이준 치킨 샐러드

       PNO
----------
PNAME
--------------------------------------------------------------------------------
     PRICE    DCRATIO
---------- ----------
PRODESC
--------------------------------------------------------------------------------
       QTY
----------
IMGFILE
--------------------------------------------------------------------------------
BIGFILE
--------------------------------------------------------------------------------
       100

       PNO
----------
PNAME
--------------------------------------------------------------------------------
     PRICE    DCRATIO
---------- ----------
PRODESC
--------------------------------------------------------------------------------
       QTY
----------
IMGFILE
--------------------------------------------------------------------------------
BIGFILE
--------------------------------------------------------------------------------
https://shop-phinf.pstatic.net/20240325_76/1711346297149CLg1c_JPEG/4061793180960

       PNO
----------
PNAME
--------------------------------------------------------------------------------
     PRICE    DCRATIO
---------- ----------
PRODESC
--------------------------------------------------------------------------------
       QTY
----------
IMGFILE
--------------------------------------------------------------------------------
BIGFILE
--------------------------------------------------------------------------------
3300_595970114.jpg?type=m510

       PNO
----------
PNAME
--------------------------------------------------------------------------------
     PRICE    DCRATIO
---------- ----------
PRODESC
--------------------------------------------------------------------------------
       QTY
----------
IMGFILE
--------------------------------------------------------------------------------
BIGFILE
--------------------------------------------------------------------------------
https://shop-phinf.pstatic.net/20240325_40/1711346297305C20n3_JPEG/4061793196319

       PNO
----------
PNAME
--------------------------------------------------------------------------------
     PRICE    DCRATIO
---------- ----------
PRODESC
--------------------------------------------------------------------------------
       QTY
----------
IMGFILE
--------------------------------------------------------------------------------
BIGFILE
--------------------------------------------------------------------------------
6657_297204798.jpg?type=m510

       PNO
----------
PNAME
--------------------------------------------------------------------------------
     PRICE    DCRATIO
---------- ----------
PRODESC
--------------------------------------------------------------------------------
       QTY
----------
IMGFILE
--------------------------------------------------------------------------------
BIGFILE
--------------------------------------------------------------------------------


       PNO
----------
PNAME
--------------------------------------------------------------------------------
     PRICE    DCRATIO
---------- ----------
PRODESC
--------------------------------------------------------------------------------
       QTY
----------
IMGFILE
--------------------------------------------------------------------------------
BIGFILE
--------------------------------------------------------------------------------
        17

       PNO
----------
PNAME
--------------------------------------------------------------------------------
     PRICE    DCRATIO
---------- ----------
PRODESC
--------------------------------------------------------------------------------
       QTY
----------
IMGFILE
--------------------------------------------------------------------------------
BIGFILE
--------------------------------------------------------------------------------
반포 자이 35평

       PNO
----------
PNAME
--------------------------------------------------------------------------------
     PRICE    DCRATIO
---------- ----------
PRODESC
--------------------------------------------------------------------------------
       QTY
----------
IMGFILE
--------------------------------------------------------------------------------
BIGFILE
--------------------------------------------------------------------------------
 240000000          5

       PNO
----------
PNAME
--------------------------------------------------------------------------------
     PRICE    DCRATIO
---------- ----------
PRODESC
--------------------------------------------------------------------------------
       QTY
----------
IMGFILE
--------------------------------------------------------------------------------
BIGFILE
--------------------------------------------------------------------------------
서울시 서초구 신반포로 270 자이 아파트입니다.

       PNO
----------
PNAME
--------------------------------------------------------------------------------
     PRICE    DCRATIO
---------- ----------
PRODESC
--------------------------------------------------------------------------------
       QTY
----------
IMGFILE
--------------------------------------------------------------------------------
BIGFILE
--------------------------------------------------------------------------------
         5

       PNO
----------
PNAME
--------------------------------------------------------------------------------
     PRICE    DCRATIO
---------- ----------
PRODESC
--------------------------------------------------------------------------------
       QTY
----------
IMGFILE
--------------------------------------------------------------------------------
BIGFILE
--------------------------------------------------------------------------------
../images/product/banpoxi.jpg

       PNO
----------
PNAME
--------------------------------------------------------------------------------
     PRICE    DCRATIO
---------- ----------
PRODESC
--------------------------------------------------------------------------------
       QTY
----------
IMGFILE
--------------------------------------------------------------------------------
BIGFILE
--------------------------------------------------------------------------------
../images/product/banpoxi.jpg

       PNO
----------
PNAME
--------------------------------------------------------------------------------
     PRICE    DCRATIO
---------- ----------
PRODESC
--------------------------------------------------------------------------------
       QTY
----------
IMGFILE
--------------------------------------------------------------------------------
BIGFILE
--------------------------------------------------------------------------------


       PNO
----------
PNAME
--------------------------------------------------------------------------------
     PRICE    DCRATIO
---------- ----------
PRODESC
--------------------------------------------------------------------------------
       QTY
----------
IMGFILE
--------------------------------------------------------------------------------
BIGFILE
--------------------------------------------------------------------------------
        18

       PNO
----------
PNAME
--------------------------------------------------------------------------------
     PRICE    DCRATIO
---------- ----------
PRODESC
--------------------------------------------------------------------------------
       QTY
----------
IMGFILE
--------------------------------------------------------------------------------
BIGFILE
--------------------------------------------------------------------------------
시그니엘 90평

       PNO
----------
PNAME
--------------------------------------------------------------------------------
     PRICE    DCRATIO
---------- ----------
PRODESC
--------------------------------------------------------------------------------
       QTY
----------
IMGFILE
--------------------------------------------------------------------------------
BIGFILE
--------------------------------------------------------------------------------
 780000000          3

       PNO
----------
PNAME
--------------------------------------------------------------------------------
     PRICE    DCRATIO
---------- ----------
PRODESC
--------------------------------------------------------------------------------
       QTY
----------
IMGFILE
--------------------------------------------------------------------------------
BIGFILE
--------------------------------------------------------------------------------
서울시 송파구 올림픽로 300 시그니엘 오피스텔입니다.

       PNO
----------
PNAME
--------------------------------------------------------------------------------
     PRICE    DCRATIO
---------- ----------
PRODESC
--------------------------------------------------------------------------------
       QTY
----------
IMGFILE
--------------------------------------------------------------------------------
BIGFILE
--------------------------------------------------------------------------------
         2

       PNO
----------
PNAME
--------------------------------------------------------------------------------
     PRICE    DCRATIO
---------- ----------
PRODESC
--------------------------------------------------------------------------------
       QTY
----------
IMGFILE
--------------------------------------------------------------------------------
BIGFILE
--------------------------------------------------------------------------------
https://www.lottehotel.com/content/dam/lotte-hotel/global/common/company/seoul-s

       PNO
----------
PNAME
--------------------------------------------------------------------------------
     PRICE    DCRATIO
---------- ----------
PRODESC
--------------------------------------------------------------------------------
       QTY
----------
IMGFILE
--------------------------------------------------------------------------------
BIGFILE
--------------------------------------------------------------------------------
igniel.jpg

       PNO
----------
PNAME
--------------------------------------------------------------------------------
     PRICE    DCRATIO
---------- ----------
PRODESC
--------------------------------------------------------------------------------
       QTY
----------
IMGFILE
--------------------------------------------------------------------------------
BIGFILE
--------------------------------------------------------------------------------
https://www.lottehotel.com/content/dam/lotte-hotel/signiel/seoul/accommodation/s

       PNO
----------
PNAME
--------------------------------------------------------------------------------
     PRICE    DCRATIO
---------- ----------
PRODESC
--------------------------------------------------------------------------------
       QTY
----------
IMGFILE
--------------------------------------------------------------------------------
BIGFILE
--------------------------------------------------------------------------------
uite/180708-55-2000-acc-seoul-signiel.jpg.thumb.1440.1440.jpg

       PNO
----------
PNAME
--------------------------------------------------------------------------------
     PRICE    DCRATIO
---------- ----------
PRODESC
--------------------------------------------------------------------------------
       QTY
----------
IMGFILE
--------------------------------------------------------------------------------
BIGFILE
--------------------------------------------------------------------------------


       PNO
----------
PNAME
--------------------------------------------------------------------------------
     PRICE    DCRATIO
---------- ----------
PRODESC
--------------------------------------------------------------------------------
       QTY
----------
IMGFILE
--------------------------------------------------------------------------------
BIGFILE
--------------------------------------------------------------------------------
        24

       PNO
----------
PNAME
--------------------------------------------------------------------------------
     PRICE    DCRATIO
---------- ----------
PRODESC
--------------------------------------------------------------------------------
       QTY
----------
IMGFILE
--------------------------------------------------------------------------------
BIGFILE
--------------------------------------------------------------------------------
슈퍼너츠 100 땅콩스무스

       PNO
----------
PNAME
--------------------------------------------------------------------------------
     PRICE    DCRATIO
---------- ----------
PRODESC
--------------------------------------------------------------------------------
       QTY
----------
IMGFILE
--------------------------------------------------------------------------------
BIGFILE
--------------------------------------------------------------------------------
     27200         31

       PNO
----------
PNAME
--------------------------------------------------------------------------------
     PRICE    DCRATIO
---------- ----------
PRODESC
--------------------------------------------------------------------------------
       QTY
----------
IMGFILE
--------------------------------------------------------------------------------
BIGFILE
--------------------------------------------------------------------------------


       PNO
----------
PNAME
--------------------------------------------------------------------------------
     PRICE    DCRATIO
---------- ----------
PRODESC
--------------------------------------------------------------------------------
       QTY
----------
IMGFILE
--------------------------------------------------------------------------------
BIGFILE
--------------------------------------------------------------------------------
땅콩 100%니까 믿고 먹는 슈퍼너츠

       PNO
----------
PNAME
--------------------------------------------------------------------------------
     PRICE    DCRATIO
---------- ----------
PRODESC
--------------------------------------------------------------------------------
       QTY
----------
IMGFILE
--------------------------------------------------------------------------------
BIGFILE
--------------------------------------------------------------------------------
       200

       PNO
----------
PNAME
--------------------------------------------------------------------------------
     PRICE    DCRATIO
---------- ----------
PRODESC
--------------------------------------------------------------------------------
       QTY
----------
IMGFILE
--------------------------------------------------------------------------------
BIGFILE
--------------------------------------------------------------------------------
https://shop-phinf.pstatic.net/20220826_25/1661505401556K8o0L_JPEG/6264122936691

       PNO
----------
PNAME
--------------------------------------------------------------------------------
     PRICE    DCRATIO
---------- ----------
PRODESC
--------------------------------------------------------------------------------
       QTY
----------
IMGFILE
--------------------------------------------------------------------------------
BIGFILE
--------------------------------------------------------------------------------
0698_650614566.jpg?type=m510

       PNO
----------
PNAME
--------------------------------------------------------------------------------
     PRICE    DCRATIO
---------- ----------
PRODESC
--------------------------------------------------------------------------------
       QTY
----------
IMGFILE
--------------------------------------------------------------------------------
BIGFILE
--------------------------------------------------------------------------------
https://shop-phinf.pstatic.net/20220830_217/1661844232422VsQEL_PNG/6298001213474

       PNO
----------
PNAME
--------------------------------------------------------------------------------
     PRICE    DCRATIO
---------- ----------
PRODESC
--------------------------------------------------------------------------------
       QTY
----------
IMGFILE
--------------------------------------------------------------------------------
BIGFILE
--------------------------------------------------------------------------------
7761_117490396.png?type=m510

       PNO
----------
PNAME
--------------------------------------------------------------------------------
     PRICE    DCRATIO
---------- ----------
PRODESC
--------------------------------------------------------------------------------
       QTY
----------
IMGFILE
--------------------------------------------------------------------------------
BIGFILE
--------------------------------------------------------------------------------


       PNO
----------
PNAME
--------------------------------------------------------------------------------
     PRICE    DCRATIO
---------- ----------
PRODESC
--------------------------------------------------------------------------------
       QTY
----------
IMGFILE
--------------------------------------------------------------------------------
BIGFILE
--------------------------------------------------------------------------------
        25

       PNO
----------
PNAME
--------------------------------------------------------------------------------
     PRICE    DCRATIO
---------- ----------
PRODESC
--------------------------------------------------------------------------------
       QTY
----------
IMGFILE
--------------------------------------------------------------------------------
BIGFILE
--------------------------------------------------------------------------------
덴프스 덴마크 유산균 이야기

       PNO
----------
PNAME
--------------------------------------------------------------------------------
     PRICE    DCRATIO
---------- ----------
PRODESC
--------------------------------------------------------------------------------
       QTY
----------
IMGFILE
--------------------------------------------------------------------------------
BIGFILE
--------------------------------------------------------------------------------
     18410         24

       PNO
----------
PNAME
--------------------------------------------------------------------------------
     PRICE    DCRATIO
---------- ----------
PRODESC
--------------------------------------------------------------------------------
       QTY
----------
IMGFILE
--------------------------------------------------------------------------------
BIGFILE
--------------------------------------------------------------------------------
공유가 선택한 탁! 소리나는 유산균

       PNO
----------
PNAME
--------------------------------------------------------------------------------
     PRICE    DCRATIO
---------- ----------
PRODESC
--------------------------------------------------------------------------------
       QTY
----------
IMGFILE
--------------------------------------------------------------------------------
BIGFILE
--------------------------------------------------------------------------------
      2000

       PNO
----------
PNAME
--------------------------------------------------------------------------------
     PRICE    DCRATIO
---------- ----------
PRODESC
--------------------------------------------------------------------------------
       QTY
----------
IMGFILE
--------------------------------------------------------------------------------
BIGFILE
--------------------------------------------------------------------------------
../images/product/probiotics.jpg

       PNO
----------
PNAME
--------------------------------------------------------------------------------
     PRICE    DCRATIO
---------- ----------
PRODESC
--------------------------------------------------------------------------------
       QTY
----------
IMGFILE
--------------------------------------------------------------------------------
BIGFILE
--------------------------------------------------------------------------------
../images/product/probiotics.jpg

       PNO
----------
PNAME
--------------------------------------------------------------------------------
     PRICE    DCRATIO
---------- ----------
PRODESC
--------------------------------------------------------------------------------
       QTY
----------
IMGFILE
--------------------------------------------------------------------------------
BIGFILE
--------------------------------------------------------------------------------


       PNO
----------
PNAME
--------------------------------------------------------------------------------
     PRICE    DCRATIO
---------- ----------
PRODESC
--------------------------------------------------------------------------------
       QTY
----------
IMGFILE
--------------------------------------------------------------------------------
BIGFILE
--------------------------------------------------------------------------------
        26

       PNO
----------
PNAME
--------------------------------------------------------------------------------
     PRICE    DCRATIO
---------- ----------
PRODESC
--------------------------------------------------------------------------------
       QTY
----------
IMGFILE
--------------------------------------------------------------------------------
BIGFILE
--------------------------------------------------------------------------------
움트리 골뱅이 무침 소스 1kg

       PNO
----------
PNAME
--------------------------------------------------------------------------------
     PRICE    DCRATIO
---------- ----------
PRODESC
--------------------------------------------------------------------------------
       QTY
----------
IMGFILE
--------------------------------------------------------------------------------
BIGFILE
--------------------------------------------------------------------------------
      7680         15

       PNO
----------
PNAME
--------------------------------------------------------------------------------
     PRICE    DCRATIO
---------- ----------
PRODESC
--------------------------------------------------------------------------------
       QTY
----------
IMGFILE
--------------------------------------------------------------------------------
BIGFILE
--------------------------------------------------------------------------------
맛 미의 뜻을 담아 맛을 채워드리는 미채움푸드의 골뱅이 무침 소스

       PNO
----------
PNAME
--------------------------------------------------------------------------------
     PRICE    DCRATIO
---------- ----------
PRODESC
--------------------------------------------------------------------------------
       QTY
----------
IMGFILE
--------------------------------------------------------------------------------
BIGFILE
--------------------------------------------------------------------------------
       800

       PNO
----------
PNAME
--------------------------------------------------------------------------------
     PRICE    DCRATIO
---------- ----------
PRODESC
--------------------------------------------------------------------------------
       QTY
----------
IMGFILE
--------------------------------------------------------------------------------
BIGFILE
--------------------------------------------------------------------------------
https://shop-phinf.pstatic.net/20191120_169/1574230372601FWdML_JPEG/115937609813

       PNO
----------
PNAME
--------------------------------------------------------------------------------
     PRICE    DCRATIO
---------- ----------
PRODESC
--------------------------------------------------------------------------------
       QTY
----------
IMGFILE
--------------------------------------------------------------------------------
BIGFILE
--------------------------------------------------------------------------------
57832_588298107.jpg?type=m510

       PNO
----------
PNAME
--------------------------------------------------------------------------------
     PRICE    DCRATIO
---------- ----------
PRODESC
--------------------------------------------------------------------------------
       QTY
----------
IMGFILE
--------------------------------------------------------------------------------
BIGFILE
--------------------------------------------------------------------------------
https://shop-phinf.pstatic.net/20191120_38/15742303598607i1OY_JPEG/1159374840229

       PNO
----------
PNAME
--------------------------------------------------------------------------------
     PRICE    DCRATIO
---------- ----------
PRODESC
--------------------------------------------------------------------------------
       QTY
----------
IMGFILE
--------------------------------------------------------------------------------
BIGFILE
--------------------------------------------------------------------------------
6559_1880936108.jpg?type=m510

       PNO
----------
PNAME
--------------------------------------------------------------------------------
     PRICE    DCRATIO
---------- ----------
PRODESC
--------------------------------------------------------------------------------
       QTY
----------
IMGFILE
--------------------------------------------------------------------------------
BIGFILE
--------------------------------------------------------------------------------


       PNO
----------
PNAME
--------------------------------------------------------------------------------
     PRICE    DCRATIO
---------- ----------
PRODESC
--------------------------------------------------------------------------------
       QTY
----------
IMGFILE
--------------------------------------------------------------------------------
BIGFILE
--------------------------------------------------------------------------------
        27

       PNO
----------
PNAME
--------------------------------------------------------------------------------
     PRICE    DCRATIO
---------- ----------
PRODESC
--------------------------------------------------------------------------------
       QTY
----------
IMGFILE
--------------------------------------------------------------------------------
BIGFILE
--------------------------------------------------------------------------------
데체코 엑스트라버진 올리브오일 1L

       PNO
----------
PNAME
--------------------------------------------------------------------------------
     PRICE    DCRATIO
---------- ----------
PRODESC
--------------------------------------------------------------------------------
       QTY
----------
IMGFILE
--------------------------------------------------------------------------------
BIGFILE
--------------------------------------------------------------------------------
     23200         23

       PNO
----------
PNAME
--------------------------------------------------------------------------------
     PRICE    DCRATIO
---------- ----------
PRODESC
--------------------------------------------------------------------------------
       QTY
----------
IMGFILE
--------------------------------------------------------------------------------
BIGFILE
--------------------------------------------------------------------------------
맛이 풍부하고 식성에 맞을 뿐 아니라 균형이 잡혀있는 오일

       PNO
----------
PNAME
--------------------------------------------------------------------------------
     PRICE    DCRATIO
---------- ----------
PRODESC
--------------------------------------------------------------------------------
       QTY
----------
IMGFILE
--------------------------------------------------------------------------------
BIGFILE
--------------------------------------------------------------------------------
      1800

       PNO
----------
PNAME
--------------------------------------------------------------------------------
     PRICE    DCRATIO
---------- ----------
PRODESC
--------------------------------------------------------------------------------
       QTY
----------
IMGFILE
--------------------------------------------------------------------------------
BIGFILE
--------------------------------------------------------------------------------
https://shop-phinf.pstatic.net/20220930_27/1664494063914EVxAC_JPEG/6562989772893

       PNO
----------
PNAME
--------------------------------------------------------------------------------
     PRICE    DCRATIO
---------- ----------
PRODESC
--------------------------------------------------------------------------------
       QTY
----------
IMGFILE
--------------------------------------------------------------------------------
BIGFILE
--------------------------------------------------------------------------------
2108_248048842.jpg?type=m510

       PNO
----------
PNAME
--------------------------------------------------------------------------------
     PRICE    DCRATIO
---------- ----------
PRODESC
--------------------------------------------------------------------------------
       QTY
----------
IMGFILE
--------------------------------------------------------------------------------
BIGFILE
--------------------------------------------------------------------------------
https://shop-phinf.pstatic.net/20231011_74/1697004459377GD86z_JPEG/EB8DB0ECB2B4E

       PNO
----------
PNAME
--------------------------------------------------------------------------------
     PRICE    DCRATIO
---------- ----------
PRODESC
--------------------------------------------------------------------------------
       QTY
----------
IMGFILE
--------------------------------------------------------------------------------
BIGFILE
--------------------------------------------------------------------------------
CBD9420EC9791EC8AA4ED8AB8EB9DBCEBB284ECA78420EC98ACEBA6ACEBB88CEC9C.png?type=m51

       PNO
----------
PNAME
--------------------------------------------------------------------------------
     PRICE    DCRATIO
---------- ----------
PRODESC
--------------------------------------------------------------------------------
       QTY
----------
IMGFILE
--------------------------------------------------------------------------------
BIGFILE
--------------------------------------------------------------------------------
0

       PNO
----------
PNAME
--------------------------------------------------------------------------------
     PRICE    DCRATIO
---------- ----------
PRODESC
--------------------------------------------------------------------------------
       QTY
----------
IMGFILE
--------------------------------------------------------------------------------
BIGFILE
--------------------------------------------------------------------------------


       PNO
----------
PNAME
--------------------------------------------------------------------------------
     PRICE    DCRATIO
---------- ----------
PRODESC
--------------------------------------------------------------------------------
       QTY
----------
IMGFILE
--------------------------------------------------------------------------------
BIGFILE
--------------------------------------------------------------------------------
        28

       PNO
----------
PNAME
--------------------------------------------------------------------------------
     PRICE    DCRATIO
---------- ----------
PRODESC
--------------------------------------------------------------------------------
       QTY
----------
IMGFILE
--------------------------------------------------------------------------------
BIGFILE
--------------------------------------------------------------------------------
팔도 비락식혜 제로 238ml

       PNO
----------
PNAME
--------------------------------------------------------------------------------
     PRICE    DCRATIO
---------- ----------
PRODESC
--------------------------------------------------------------------------------
       QTY
----------
IMGFILE
--------------------------------------------------------------------------------
BIGFILE
--------------------------------------------------------------------------------
      3450          7

       PNO
----------
PNAME
--------------------------------------------------------------------------------
     PRICE    DCRATIO
---------- ----------
PRODESC
--------------------------------------------------------------------------------
       QTY
----------
IMGFILE
--------------------------------------------------------------------------------
BIGFILE
--------------------------------------------------------------------------------
설탕, 당류, 칼로리까지 제로니까! 언제 어디서든 가볍게 비락식혜!

       PNO
----------
PNAME
--------------------------------------------------------------------------------
     PRICE    DCRATIO
---------- ----------
PRODESC
--------------------------------------------------------------------------------
       QTY
----------
IMGFILE
--------------------------------------------------------------------------------
BIGFILE
--------------------------------------------------------------------------------
      2800

       PNO
----------
PNAME
--------------------------------------------------------------------------------
     PRICE    DCRATIO
---------- ----------
PRODESC
--------------------------------------------------------------------------------
       QTY
----------
IMGFILE
--------------------------------------------------------------------------------
BIGFILE
--------------------------------------------------------------------------------
https://shop-phinf.pstatic.net/20240405_216/1712300007413iAEza_JPEG/113435903149

       PNO
----------
PNAME
--------------------------------------------------------------------------------
     PRICE    DCRATIO
---------- ----------
PRODESC
--------------------------------------------------------------------------------
       QTY
----------
IMGFILE
--------------------------------------------------------------------------------
BIGFILE
--------------------------------------------------------------------------------
343464_2033220498.jpg?type=m510

       PNO
----------
PNAME
--------------------------------------------------------------------------------
     PRICE    DCRATIO
---------- ----------
PRODESC
--------------------------------------------------------------------------------
       QTY
----------
IMGFILE
--------------------------------------------------------------------------------
BIGFILE
--------------------------------------------------------------------------------
https://shopping-phinf.pstatic.net/20240401_20/955be1db-1418-420f-8789-a507d5b24

       PNO
----------
PNAME
--------------------------------------------------------------------------------
     PRICE    DCRATIO
---------- ----------
PRODESC
--------------------------------------------------------------------------------
       QTY
----------
IMGFILE
--------------------------------------------------------------------------------
BIGFILE
--------------------------------------------------------------------------------
023.jpg

       PNO
----------
PNAME
--------------------------------------------------------------------------------
     PRICE    DCRATIO
---------- ----------
PRODESC
--------------------------------------------------------------------------------
       QTY
----------
IMGFILE
--------------------------------------------------------------------------------
BIGFILE
--------------------------------------------------------------------------------


       PNO
----------
PNAME
--------------------------------------------------------------------------------
     PRICE    DCRATIO
---------- ----------
PRODESC
--------------------------------------------------------------------------------
       QTY
----------
IMGFILE
--------------------------------------------------------------------------------
BIGFILE
--------------------------------------------------------------------------------
        29

       PNO
----------
PNAME
--------------------------------------------------------------------------------
     PRICE    DCRATIO
---------- ----------
PRODESC
--------------------------------------------------------------------------------
       QTY
----------
IMGFILE
--------------------------------------------------------------------------------
BIGFILE
--------------------------------------------------------------------------------
리버풀 홈 유니폼 저지

       PNO
----------
PNAME
--------------------------------------------------------------------------------
     PRICE    DCRATIO
---------- ----------
PRODESC
--------------------------------------------------------------------------------
       QTY
----------
IMGFILE
--------------------------------------------------------------------------------
BIGFILE
--------------------------------------------------------------------------------
    129000         11

       PNO
----------
PNAME
--------------------------------------------------------------------------------
     PRICE    DCRATIO
---------- ----------
PRODESC
--------------------------------------------------------------------------------
       QTY
----------
IMGFILE
--------------------------------------------------------------------------------
BIGFILE
--------------------------------------------------------------------------------
리버풀 홈 유니폼입니다.

       PNO
----------
PNAME
--------------------------------------------------------------------------------
     PRICE    DCRATIO
---------- ----------
PRODESC
--------------------------------------------------------------------------------
       QTY
----------
IMGFILE
--------------------------------------------------------------------------------
BIGFILE
--------------------------------------------------------------------------------
        10

       PNO
----------
PNAME
--------------------------------------------------------------------------------
     PRICE    DCRATIO
---------- ----------
PRODESC
--------------------------------------------------------------------------------
       QTY
----------
IMGFILE
--------------------------------------------------------------------------------
BIGFILE
--------------------------------------------------------------------------------
../images/product/uniform01.jpg

       PNO
----------
PNAME
--------------------------------------------------------------------------------
     PRICE    DCRATIO
---------- ----------
PRODESC
--------------------------------------------------------------------------------
       QTY
----------
IMGFILE
--------------------------------------------------------------------------------
BIGFILE
--------------------------------------------------------------------------------
../images/product/uniform01.jpg

       PNO
----------
PNAME
--------------------------------------------------------------------------------
     PRICE    DCRATIO
---------- ----------
PRODESC
--------------------------------------------------------------------------------
       QTY
----------
IMGFILE
--------------------------------------------------------------------------------
BIGFILE
--------------------------------------------------------------------------------


       PNO
----------
PNAME
--------------------------------------------------------------------------------
     PRICE    DCRATIO
---------- ----------
PRODESC
--------------------------------------------------------------------------------
       QTY
----------
IMGFILE
--------------------------------------------------------------------------------
BIGFILE
--------------------------------------------------------------------------------
        30

       PNO
----------
PNAME
--------------------------------------------------------------------------------
     PRICE    DCRATIO
---------- ----------
PRODESC
--------------------------------------------------------------------------------
       QTY
----------
IMGFILE
--------------------------------------------------------------------------------
BIGFILE
--------------------------------------------------------------------------------
아스날 홈 유니폼 저지

       PNO
----------
PNAME
--------------------------------------------------------------------------------
     PRICE    DCRATIO
---------- ----------
PRODESC
--------------------------------------------------------------------------------
       QTY
----------
IMGFILE
--------------------------------------------------------------------------------
BIGFILE
--------------------------------------------------------------------------------
    129000          7

       PNO
----------
PNAME
--------------------------------------------------------------------------------
     PRICE    DCRATIO
---------- ----------
PRODESC
--------------------------------------------------------------------------------
       QTY
----------
IMGFILE
--------------------------------------------------------------------------------
BIGFILE
--------------------------------------------------------------------------------
아스날 홈 유니폼입니다.

       PNO
----------
PNAME
--------------------------------------------------------------------------------
     PRICE    DCRATIO
---------- ----------
PRODESC
--------------------------------------------------------------------------------
       QTY
----------
IMGFILE
--------------------------------------------------------------------------------
BIGFILE
--------------------------------------------------------------------------------
         9

       PNO
----------
PNAME
--------------------------------------------------------------------------------
     PRICE    DCRATIO
---------- ----------
PRODESC
--------------------------------------------------------------------------------
       QTY
----------
IMGFILE
--------------------------------------------------------------------------------
BIGFILE
--------------------------------------------------------------------------------
../images/product/uniform02.jpg

       PNO
----------
PNAME
--------------------------------------------------------------------------------
     PRICE    DCRATIO
---------- ----------
PRODESC
--------------------------------------------------------------------------------
       QTY
----------
IMGFILE
--------------------------------------------------------------------------------
BIGFILE
--------------------------------------------------------------------------------
../images/product/uniform02.jpg

       PNO
----------
PNAME
--------------------------------------------------------------------------------
     PRICE    DCRATIO
---------- ----------
PRODESC
--------------------------------------------------------------------------------
       QTY
----------
IMGFILE
--------------------------------------------------------------------------------
BIGFILE
--------------------------------------------------------------------------------


       PNO
----------
PNAME
--------------------------------------------------------------------------------
     PRICE    DCRATIO
---------- ----------
PRODESC
--------------------------------------------------------------------------------
       QTY
----------
IMGFILE
--------------------------------------------------------------------------------
BIGFILE
--------------------------------------------------------------------------------
        31

       PNO
----------
PNAME
--------------------------------------------------------------------------------
     PRICE    DCRATIO
---------- ----------
PRODESC
--------------------------------------------------------------------------------
       QTY
----------
IMGFILE
--------------------------------------------------------------------------------
BIGFILE
--------------------------------------------------------------------------------
맨시티 홈 유니폼 저지

       PNO
----------
PNAME
--------------------------------------------------------------------------------
     PRICE    DCRATIO
---------- ----------
PRODESC
--------------------------------------------------------------------------------
       QTY
----------
IMGFILE
--------------------------------------------------------------------------------
BIGFILE
--------------------------------------------------------------------------------
    129000         11

       PNO
----------
PNAME
--------------------------------------------------------------------------------
     PRICE    DCRATIO
---------- ----------
PRODESC
--------------------------------------------------------------------------------
       QTY
----------
IMGFILE
--------------------------------------------------------------------------------
BIGFILE
--------------------------------------------------------------------------------
맨시티 홈 유니폼입니다.

       PNO
----------
PNAME
--------------------------------------------------------------------------------
     PRICE    DCRATIO
---------- ----------
PRODESC
--------------------------------------------------------------------------------
       QTY
----------
IMGFILE
--------------------------------------------------------------------------------
BIGFILE
--------------------------------------------------------------------------------
         8

       PNO
----------
PNAME
--------------------------------------------------------------------------------
     PRICE    DCRATIO
---------- ----------
PRODESC
--------------------------------------------------------------------------------
       QTY
----------
IMGFILE
--------------------------------------------------------------------------------
BIGFILE
--------------------------------------------------------------------------------
../images/product/uniform03.jpg

       PNO
----------
PNAME
--------------------------------------------------------------------------------
     PRICE    DCRATIO
---------- ----------
PRODESC
--------------------------------------------------------------------------------
       QTY
----------
IMGFILE
--------------------------------------------------------------------------------
BIGFILE
--------------------------------------------------------------------------------
../images/product/uniform03.jpg

       PNO
----------
PNAME
--------------------------------------------------------------------------------
     PRICE    DCRATIO
---------- ----------
PRODESC
--------------------------------------------------------------------------------
       QTY
----------
IMGFILE
--------------------------------------------------------------------------------
BIGFILE
--------------------------------------------------------------------------------


       PNO
----------
PNAME
--------------------------------------------------------------------------------
     PRICE    DCRATIO
---------- ----------
PRODESC
--------------------------------------------------------------------------------
       QTY
----------
IMGFILE
--------------------------------------------------------------------------------
BIGFILE
--------------------------------------------------------------------------------
        32

       PNO
----------
PNAME
--------------------------------------------------------------------------------
     PRICE    DCRATIO
---------- ----------
PRODESC
--------------------------------------------------------------------------------
       QTY
----------
IMGFILE
--------------------------------------------------------------------------------
BIGFILE
--------------------------------------------------------------------------------
레알마드리드 홈 유니폼 저지

       PNO
----------
PNAME
--------------------------------------------------------------------------------
     PRICE    DCRATIO
---------- ----------
PRODESC
--------------------------------------------------------------------------------
       QTY
----------
IMGFILE
--------------------------------------------------------------------------------
BIGFILE
--------------------------------------------------------------------------------
    129000          7

       PNO
----------
PNAME
--------------------------------------------------------------------------------
     PRICE    DCRATIO
---------- ----------
PRODESC
--------------------------------------------------------------------------------
       QTY
----------
IMGFILE
--------------------------------------------------------------------------------
BIGFILE
--------------------------------------------------------------------------------
레알마드리드 홈 유니폼입니다.

       PNO
----------
PNAME
--------------------------------------------------------------------------------
     PRICE    DCRATIO
---------- ----------
PRODESC
--------------------------------------------------------------------------------
       QTY
----------
IMGFILE
--------------------------------------------------------------------------------
BIGFILE
--------------------------------------------------------------------------------
         7

       PNO
----------
PNAME
--------------------------------------------------------------------------------
     PRICE    DCRATIO
---------- ----------
PRODESC
--------------------------------------------------------------------------------
       QTY
----------
IMGFILE
--------------------------------------------------------------------------------
BIGFILE
--------------------------------------------------------------------------------
../images/product/uniform04.jpg

       PNO
----------
PNAME
--------------------------------------------------------------------------------
     PRICE    DCRATIO
---------- ----------
PRODESC
--------------------------------------------------------------------------------
       QTY
----------
IMGFILE
--------------------------------------------------------------------------------
BIGFILE
--------------------------------------------------------------------------------
../images/product/uniform04.jpg

       PNO
----------
PNAME
--------------------------------------------------------------------------------
     PRICE    DCRATIO
---------- ----------
PRODESC
--------------------------------------------------------------------------------
       QTY
----------
IMGFILE
--------------------------------------------------------------------------------
BIGFILE
--------------------------------------------------------------------------------


       PNO
----------
PNAME
--------------------------------------------------------------------------------
     PRICE    DCRATIO
---------- ----------
PRODESC
--------------------------------------------------------------------------------
       QTY
----------
IMGFILE
--------------------------------------------------------------------------------
BIGFILE
--------------------------------------------------------------------------------
        33

       PNO
----------
PNAME
--------------------------------------------------------------------------------
     PRICE    DCRATIO
---------- ----------
PRODESC
--------------------------------------------------------------------------------
       QTY
----------
IMGFILE
--------------------------------------------------------------------------------
BIGFILE
--------------------------------------------------------------------------------
첼시 홈 유니폼 저지

       PNO
----------
PNAME
--------------------------------------------------------------------------------
     PRICE    DCRATIO
---------- ----------
PRODESC
--------------------------------------------------------------------------------
       QTY
----------
IMGFILE
--------------------------------------------------------------------------------
BIGFILE
--------------------------------------------------------------------------------
    129000          7

       PNO
----------
PNAME
--------------------------------------------------------------------------------
     PRICE    DCRATIO
---------- ----------
PRODESC
--------------------------------------------------------------------------------
       QTY
----------
IMGFILE
--------------------------------------------------------------------------------
BIGFILE
--------------------------------------------------------------------------------
첼시 홈 유니폼입니다.

       PNO
----------
PNAME
--------------------------------------------------------------------------------
     PRICE    DCRATIO
---------- ----------
PRODESC
--------------------------------------------------------------------------------
       QTY
----------
IMGFILE
--------------------------------------------------------------------------------
BIGFILE
--------------------------------------------------------------------------------
         6

       PNO
----------
PNAME
--------------------------------------------------------------------------------
     PRICE    DCRATIO
---------- ----------
PRODESC
--------------------------------------------------------------------------------
       QTY
----------
IMGFILE
--------------------------------------------------------------------------------
BIGFILE
--------------------------------------------------------------------------------
../images/product/uniform05.jpg

       PNO
----------
PNAME
--------------------------------------------------------------------------------
     PRICE    DCRATIO
---------- ----------
PRODESC
--------------------------------------------------------------------------------
       QTY
----------
IMGFILE
--------------------------------------------------------------------------------
BIGFILE
--------------------------------------------------------------------------------
../images/product/uniform05.jpg

       PNO
----------
PNAME
--------------------------------------------------------------------------------
     PRICE    DCRATIO
---------- ----------
PRODESC
--------------------------------------------------------------------------------
       QTY
----------
IMGFILE
--------------------------------------------------------------------------------
BIGFILE
--------------------------------------------------------------------------------


       PNO
----------
PNAME
--------------------------------------------------------------------------------
     PRICE    DCRATIO
---------- ----------
PRODESC
--------------------------------------------------------------------------------
       QTY
----------
IMGFILE
--------------------------------------------------------------------------------
BIGFILE
--------------------------------------------------------------------------------
        34

       PNO
----------
PNAME
--------------------------------------------------------------------------------
     PRICE    DCRATIO
---------- ----------
PRODESC
--------------------------------------------------------------------------------
       QTY
----------
IMGFILE
--------------------------------------------------------------------------------
BIGFILE
--------------------------------------------------------------------------------
콩순이 컴퓨터

       PNO
----------
PNAME
--------------------------------------------------------------------------------
     PRICE    DCRATIO
---------- ----------
PRODESC
--------------------------------------------------------------------------------
       QTY
----------
IMGFILE
--------------------------------------------------------------------------------
BIGFILE
--------------------------------------------------------------------------------
    169300         10

       PNO
----------
PNAME
--------------------------------------------------------------------------------
     PRICE    DCRATIO
---------- ----------
PRODESC
--------------------------------------------------------------------------------
       QTY
----------
IMGFILE
--------------------------------------------------------------------------------
BIGFILE
--------------------------------------------------------------------------------
동화로 배우는 콩순이 홈스쿨 코딩컴퓨터

       PNO
----------
PNAME
--------------------------------------------------------------------------------
     PRICE    DCRATIO
---------- ----------
PRODESC
--------------------------------------------------------------------------------
       QTY
----------
IMGFILE
--------------------------------------------------------------------------------
BIGFILE
--------------------------------------------------------------------------------
        50

       PNO
----------
PNAME
--------------------------------------------------------------------------------
     PRICE    DCRATIO
---------- ----------
PRODESC
--------------------------------------------------------------------------------
       QTY
----------
IMGFILE
--------------------------------------------------------------------------------
BIGFILE
--------------------------------------------------------------------------------
https://contents.lotteon.com/itemimage/_v015058/LO/21/14/12/08/62/_2/11/41/20/86

       PNO
----------
PNAME
--------------------------------------------------------------------------------
     PRICE    DCRATIO
---------- ----------
PRODESC
--------------------------------------------------------------------------------
       QTY
----------
IMGFILE
--------------------------------------------------------------------------------
BIGFILE
--------------------------------------------------------------------------------
/3/LO2114120862_2114120863_1.jpg/dims/optimize/dims/resizemc/400x400

       PNO
----------
PNAME
--------------------------------------------------------------------------------
     PRICE    DCRATIO
---------- ----------
PRODESC
--------------------------------------------------------------------------------
       QTY
----------
IMGFILE
--------------------------------------------------------------------------------
BIGFILE
--------------------------------------------------------------------------------
https://contents.lotteon.com/itemimage/_v015058/LO/21/14/12/08/62/_2/11/41/20/86

       PNO
----------
PNAME
--------------------------------------------------------------------------------
     PRICE    DCRATIO
---------- ----------
PRODESC
--------------------------------------------------------------------------------
       QTY
----------
IMGFILE
--------------------------------------------------------------------------------
BIGFILE
--------------------------------------------------------------------------------
/3/LO2114120862_2114120863_1.jpg/dims/optimize/dims/resizemc/400x400

       PNO
----------
PNAME
--------------------------------------------------------------------------------
     PRICE    DCRATIO
---------- ----------
PRODESC
--------------------------------------------------------------------------------
       QTY
----------
IMGFILE
--------------------------------------------------------------------------------
BIGFILE
--------------------------------------------------------------------------------


       PNO
----------
PNAME
--------------------------------------------------------------------------------
     PRICE    DCRATIO
---------- ----------
PRODESC
--------------------------------------------------------------------------------
       QTY
----------
IMGFILE
--------------------------------------------------------------------------------
BIGFILE
--------------------------------------------------------------------------------
        35

       PNO
----------
PNAME
--------------------------------------------------------------------------------
     PRICE    DCRATIO
---------- ----------
PRODESC
--------------------------------------------------------------------------------
       QTY
----------
IMGFILE
--------------------------------------------------------------------------------
BIGFILE
--------------------------------------------------------------------------------
미니인형뽑기기계

       PNO
----------
PNAME
--------------------------------------------------------------------------------
     PRICE    DCRATIO
---------- ----------
PRODESC
--------------------------------------------------------------------------------
       QTY
----------
IMGFILE
--------------------------------------------------------------------------------
BIGFILE
--------------------------------------------------------------------------------
     37896         30

       PNO
----------
PNAME
--------------------------------------------------------------------------------
     PRICE    DCRATIO
---------- ----------
PRODESC
--------------------------------------------------------------------------------
       QTY
----------
IMGFILE
--------------------------------------------------------------------------------
BIGFILE
--------------------------------------------------------------------------------
캡슐뽑기 장난감 기계

       PNO
----------
PNAME
--------------------------------------------------------------------------------
     PRICE    DCRATIO
---------- ----------
PRODESC
--------------------------------------------------------------------------------
       QTY
----------
IMGFILE
--------------------------------------------------------------------------------
BIGFILE
--------------------------------------------------------------------------------
       120

       PNO
----------
PNAME
--------------------------------------------------------------------------------
     PRICE    DCRATIO
---------- ----------
PRODESC
--------------------------------------------------------------------------------
       QTY
----------
IMGFILE
--------------------------------------------------------------------------------
BIGFILE
--------------------------------------------------------------------------------
https://jiktem.com/cdn/shop/products/134828_1.jpg?v=1692072634=823

       PNO
----------
PNAME
--------------------------------------------------------------------------------
     PRICE    DCRATIO
---------- ----------
PRODESC
--------------------------------------------------------------------------------
       QTY
----------
IMGFILE
--------------------------------------------------------------------------------
BIGFILE
--------------------------------------------------------------------------------
https://jiktem.com/cdn/shop/products/134828_19.jpg?v=1692072634insert into produ

       PNO
----------
PNAME
--------------------------------------------------------------------------------
     PRICE    DCRATIO
---------- ----------
PRODESC
--------------------------------------------------------------------------------
       QTY
----------
IMGFILE
--------------------------------------------------------------------------------
BIGFILE
--------------------------------------------------------------------------------
ct=823

       PNO
----------
PNAME
--------------------------------------------------------------------------------
     PRICE    DCRATIO
---------- ----------
PRODESC
--------------------------------------------------------------------------------
       QTY
----------
IMGFILE
--------------------------------------------------------------------------------
BIGFILE
--------------------------------------------------------------------------------


       PNO
----------
PNAME
--------------------------------------------------------------------------------
     PRICE    DCRATIO
---------- ----------
PRODESC
--------------------------------------------------------------------------------
       QTY
----------
IMGFILE
--------------------------------------------------------------------------------
BIGFILE
--------------------------------------------------------------------------------
        36

       PNO
----------
PNAME
--------------------------------------------------------------------------------
     PRICE    DCRATIO
---------- ----------
PRODESC
--------------------------------------------------------------------------------
       QTY
----------
IMGFILE
--------------------------------------------------------------------------------
BIGFILE
--------------------------------------------------------------------------------
시크릿쥬쥬

       PNO
----------
PNAME
--------------------------------------------------------------------------------
     PRICE    DCRATIO
---------- ----------
PRODESC
--------------------------------------------------------------------------------
       QTY
----------
IMGFILE
--------------------------------------------------------------------------------
BIGFILE
--------------------------------------------------------------------------------
     96000         18

       PNO
----------
PNAME
--------------------------------------------------------------------------------
     PRICE    DCRATIO
---------- ----------
PRODESC
--------------------------------------------------------------------------------
       QTY
----------
IMGFILE
--------------------------------------------------------------------------------
BIGFILE
--------------------------------------------------------------------------------
우리들의 다양한 꿈을 응원하는 베스트 프렌드

       PNO
----------
PNAME
--------------------------------------------------------------------------------
     PRICE    DCRATIO
---------- ----------
PRODESC
--------------------------------------------------------------------------------
       QTY
----------
IMGFILE
--------------------------------------------------------------------------------
BIGFILE
--------------------------------------------------------------------------------
        50

       PNO
----------
PNAME
--------------------------------------------------------------------------------
     PRICE    DCRATIO
---------- ----------
PRODESC
--------------------------------------------------------------------------------
       QTY
----------
IMGFILE
--------------------------------------------------------------------------------
BIGFILE
--------------------------------------------------------------------------------
https://pic.sabangnet.co.kr/product_image/mw59889/105/lBZwX_105975_1.jpg

       PNO
----------
PNAME
--------------------------------------------------------------------------------
     PRICE    DCRATIO
---------- ----------
PRODESC
--------------------------------------------------------------------------------
       QTY
----------
IMGFILE
--------------------------------------------------------------------------------
BIGFILE
--------------------------------------------------------------------------------
https://pic.sabangnet.co.kr/product_image/mw59889/105/lBZwX_105975_1.jpg

       PNO
----------
PNAME
--------------------------------------------------------------------------------
     PRICE    DCRATIO
---------- ----------
PRODESC
--------------------------------------------------------------------------------
       QTY
----------
IMGFILE
--------------------------------------------------------------------------------
BIGFILE
--------------------------------------------------------------------------------


       PNO
----------
PNAME
--------------------------------------------------------------------------------
     PRICE    DCRATIO
---------- ----------
PRODESC
--------------------------------------------------------------------------------
       QTY
----------
IMGFILE
--------------------------------------------------------------------------------
BIGFILE
--------------------------------------------------------------------------------
        37

       PNO
----------
PNAME
--------------------------------------------------------------------------------
     PRICE    DCRATIO
---------- ----------
PRODESC
--------------------------------------------------------------------------------
       QTY
----------
IMGFILE
--------------------------------------------------------------------------------
BIGFILE
--------------------------------------------------------------------------------
[라이녹스] 2IN1 커피머신

       PNO
----------
PNAME
--------------------------------------------------------------------------------
     PRICE    DCRATIO
---------- ----------
PRODESC
--------------------------------------------------------------------------------
       QTY
----------
IMGFILE
--------------------------------------------------------------------------------
BIGFILE
--------------------------------------------------------------------------------
    299000         59

       PNO
----------
PNAME
--------------------------------------------------------------------------------
     PRICE    DCRATIO
---------- ----------
PRODESC
--------------------------------------------------------------------------------
       QTY
----------
IMGFILE
--------------------------------------------------------------------------------
BIGFILE
--------------------------------------------------------------------------------
진한 에스프레소와 간편한 캡슐커피를 동시에 드립커피와 캡슐커피

       PNO
----------
PNAME
--------------------------------------------------------------------------------
     PRICE    DCRATIO
---------- ----------
PRODESC
--------------------------------------------------------------------------------
       QTY
----------
IMGFILE
--------------------------------------------------------------------------------
BIGFILE
--------------------------------------------------------------------------------
       150

       PNO
----------
PNAME
--------------------------------------------------------------------------------
     PRICE    DCRATIO
---------- ----------
PRODESC
--------------------------------------------------------------------------------
       QTY
----------
IMGFILE
--------------------------------------------------------------------------------
BIGFILE
--------------------------------------------------------------------------------
https://image9.coupangcdn.com/image/vendor_inventory/4185/dcdbf3a19023b7a5345822

       PNO
----------
PNAME
--------------------------------------------------------------------------------
     PRICE    DCRATIO
---------- ----------
PRODESC
--------------------------------------------------------------------------------
       QTY
----------
IMGFILE
--------------------------------------------------------------------------------
BIGFILE
--------------------------------------------------------------------------------
7f1be6a7b1c15456239af01e264dba6ff37023.jpg

       PNO
----------
PNAME
--------------------------------------------------------------------------------
     PRICE    DCRATIO
---------- ----------
PRODESC
--------------------------------------------------------------------------------
       QTY
----------
IMGFILE
--------------------------------------------------------------------------------
BIGFILE
--------------------------------------------------------------------------------
https://image7.coupangcdn.com/image/vendor_inventory/6430/7c974ce787f610e9ca861d

       PNO
----------
PNAME
--------------------------------------------------------------------------------
     PRICE    DCRATIO
---------- ----------
PRODESC
--------------------------------------------------------------------------------
       QTY
----------
IMGFILE
--------------------------------------------------------------------------------
BIGFILE
--------------------------------------------------------------------------------
f22130c1018177b8ef6e3b70c6c83676c0cb97.jpg

       PNO
----------
PNAME
--------------------------------------------------------------------------------
     PRICE    DCRATIO
---------- ----------
PRODESC
--------------------------------------------------------------------------------
       QTY
----------
IMGFILE
--------------------------------------------------------------------------------
BIGFILE
--------------------------------------------------------------------------------


       PNO
----------
PNAME
--------------------------------------------------------------------------------
     PRICE    DCRATIO
---------- ----------
PRODESC
--------------------------------------------------------------------------------
       QTY
----------
IMGFILE
--------------------------------------------------------------------------------
BIGFILE
--------------------------------------------------------------------------------
        38

       PNO
----------
PNAME
--------------------------------------------------------------------------------
     PRICE    DCRATIO
---------- ----------
PRODESC
--------------------------------------------------------------------------------
       QTY
----------
IMGFILE
--------------------------------------------------------------------------------
BIGFILE
--------------------------------------------------------------------------------
탑 푸룻 젤리 애플망고맛

       PNO
----------
PNAME
--------------------------------------------------------------------------------
     PRICE    DCRATIO
---------- ----------
PRODESC
--------------------------------------------------------------------------------
       QTY
----------
IMGFILE
--------------------------------------------------------------------------------
BIGFILE
--------------------------------------------------------------------------------
     22500         29

       PNO
----------
PNAME
--------------------------------------------------------------------------------
     PRICE    DCRATIO
---------- ----------
PRODESC
--------------------------------------------------------------------------------
       QTY
----------
IMGFILE
--------------------------------------------------------------------------------
BIGFILE
--------------------------------------------------------------------------------
베트남 탑푸르트 망고젤리 대용량 탑젤리 애플망고 100개

       PNO
----------
PNAME
--------------------------------------------------------------------------------
     PRICE    DCRATIO
---------- ----------
PRODESC
--------------------------------------------------------------------------------
       QTY
----------
IMGFILE
--------------------------------------------------------------------------------
BIGFILE
--------------------------------------------------------------------------------
       500

       PNO
----------
PNAME
--------------------------------------------------------------------------------
     PRICE    DCRATIO
---------- ----------
PRODESC
--------------------------------------------------------------------------------
       QTY
----------
IMGFILE
--------------------------------------------------------------------------------
BIGFILE
--------------------------------------------------------------------------------
https://image6.coupangcdn.com/image/vendor_inventory/4cd0/c5f1662adfd5fdf8727d46

       PNO
----------
PNAME
--------------------------------------------------------------------------------
     PRICE    DCRATIO
---------- ----------
PRODESC
--------------------------------------------------------------------------------
       QTY
----------
IMGFILE
--------------------------------------------------------------------------------
BIGFILE
--------------------------------------------------------------------------------
953ae5a746f19150f14b780b128e3299fcf65d.jpg

       PNO
----------
PNAME
--------------------------------------------------------------------------------
     PRICE    DCRATIO
---------- ----------
PRODESC
--------------------------------------------------------------------------------
       QTY
----------
IMGFILE
--------------------------------------------------------------------------------
BIGFILE
--------------------------------------------------------------------------------
https://image8.coupangcdn.com/image/vendor_inventory/b5b7/cf3c6f2c33ddabbdde2653

       PNO
----------
PNAME
--------------------------------------------------------------------------------
     PRICE    DCRATIO
---------- ----------
PRODESC
--------------------------------------------------------------------------------
       QTY
----------
IMGFILE
--------------------------------------------------------------------------------
BIGFILE
--------------------------------------------------------------------------------
3eed623063259777893cbbd97c723d901224f3.jpg

       PNO
----------
PNAME
--------------------------------------------------------------------------------
     PRICE    DCRATIO
---------- ----------
PRODESC
--------------------------------------------------------------------------------
       QTY
----------
IMGFILE
--------------------------------------------------------------------------------
BIGFILE
--------------------------------------------------------------------------------


       PNO
----------
PNAME
--------------------------------------------------------------------------------
     PRICE    DCRATIO
---------- ----------
PRODESC
--------------------------------------------------------------------------------
       QTY
----------
IMGFILE
--------------------------------------------------------------------------------
BIGFILE
--------------------------------------------------------------------------------
        39

       PNO
----------
PNAME
--------------------------------------------------------------------------------
     PRICE    DCRATIO
---------- ----------
PRODESC
--------------------------------------------------------------------------------
       QTY
----------
IMGFILE
--------------------------------------------------------------------------------
BIGFILE
--------------------------------------------------------------------------------
실비김치 2KG

       PNO
----------
PNAME
--------------------------------------------------------------------------------
     PRICE    DCRATIO
---------- ----------
PRODESC
--------------------------------------------------------------------------------
       QTY
----------
IMGFILE
--------------------------------------------------------------------------------
BIGFILE
--------------------------------------------------------------------------------
     18900         43

       PNO
----------
PNAME
--------------------------------------------------------------------------------
     PRICE    DCRATIO
---------- ----------
PRODESC
--------------------------------------------------------------------------------
       QTY
----------
IMGFILE
--------------------------------------------------------------------------------
BIGFILE
--------------------------------------------------------------------------------
[밥도둑들] 적당하게 맛있는 매운김치2Kg / 맛없다면 무료반품

       PNO
----------
PNAME
--------------------------------------------------------------------------------
     PRICE    DCRATIO
---------- ----------
PRODESC
--------------------------------------------------------------------------------
       QTY
----------
IMGFILE
--------------------------------------------------------------------------------
BIGFILE
--------------------------------------------------------------------------------
       100

       PNO
----------
PNAME
--------------------------------------------------------------------------------
     PRICE    DCRATIO
---------- ----------
PRODESC
--------------------------------------------------------------------------------
       QTY
----------
IMGFILE
--------------------------------------------------------------------------------
BIGFILE
--------------------------------------------------------------------------------
https://image7.coupangcdn.com/image/vendor_inventory/32d5/00b0507b4fbcd3a1ff9e1d

       PNO
----------
PNAME
--------------------------------------------------------------------------------
     PRICE    DCRATIO
---------- ----------
PRODESC
--------------------------------------------------------------------------------
       QTY
----------
IMGFILE
--------------------------------------------------------------------------------
BIGFILE
--------------------------------------------------------------------------------
c2d5b9a33ea425b94b1aed6bdf7b214c6d39e6.jpg

       PNO
----------
PNAME
--------------------------------------------------------------------------------
     PRICE    DCRATIO
---------- ----------
PRODESC
--------------------------------------------------------------------------------
       QTY
----------
IMGFILE
--------------------------------------------------------------------------------
BIGFILE
--------------------------------------------------------------------------------
https://image6.coupangcdn.com/image/vendor_inventory/ac67/a4c556e3008c0eb30b4a84

       PNO
----------
PNAME
--------------------------------------------------------------------------------
     PRICE    DCRATIO
---------- ----------
PRODESC
--------------------------------------------------------------------------------
       QTY
----------
IMGFILE
--------------------------------------------------------------------------------
BIGFILE
--------------------------------------------------------------------------------
6d3b5565b86655fc5bfec38724f8d059b3f36a.jpg

       PNO
----------
PNAME
--------------------------------------------------------------------------------
     PRICE    DCRATIO
---------- ----------
PRODESC
--------------------------------------------------------------------------------
       QTY
----------
IMGFILE
--------------------------------------------------------------------------------
BIGFILE
--------------------------------------------------------------------------------


       PNO
----------
PNAME
--------------------------------------------------------------------------------
     PRICE    DCRATIO
---------- ----------
PRODESC
--------------------------------------------------------------------------------
       QTY
----------
IMGFILE
--------------------------------------------------------------------------------
BIGFILE
--------------------------------------------------------------------------------
        40

       PNO
----------
PNAME
--------------------------------------------------------------------------------
     PRICE    DCRATIO
---------- ----------
PRODESC
--------------------------------------------------------------------------------
       QTY
----------
IMGFILE
--------------------------------------------------------------------------------
BIGFILE
--------------------------------------------------------------------------------
아이패드 프로 11 4세대

       PNO
----------
PNAME
--------------------------------------------------------------------------------
     PRICE    DCRATIO
---------- ----------
PRODESC
--------------------------------------------------------------------------------
       QTY
----------
IMGFILE
--------------------------------------------------------------------------------
BIGFILE
--------------------------------------------------------------------------------
   1249000         10

       PNO
----------
PNAME
--------------------------------------------------------------------------------
     PRICE    DCRATIO
---------- ----------
PRODESC
--------------------------------------------------------------------------------
       QTY
----------
IMGFILE
--------------------------------------------------------------------------------
BIGFILE
--------------------------------------------------------------------------------
압도적인 성능. 놀라운 첨단 디스플레이. 강력한 신기능이 가득한 iPadOS 16

       PNO
----------
PNAME
--------------------------------------------------------------------------------
     PRICE    DCRATIO
---------- ----------
PRODESC
--------------------------------------------------------------------------------
       QTY
----------
IMGFILE
--------------------------------------------------------------------------------
BIGFILE
--------------------------------------------------------------------------------
        50

       PNO
----------
PNAME
--------------------------------------------------------------------------------
     PRICE    DCRATIO
---------- ----------
PRODESC
--------------------------------------------------------------------------------
       QTY
----------
IMGFILE
--------------------------------------------------------------------------------
BIGFILE
--------------------------------------------------------------------------------
https://image9.coupangcdn.com/image/retail/images/2357375067861117-98f5d372-f2c0

       PNO
----------
PNAME
--------------------------------------------------------------------------------
     PRICE    DCRATIO
---------- ----------
PRODESC
--------------------------------------------------------------------------------
       QTY
----------
IMGFILE
--------------------------------------------------------------------------------
BIGFILE
--------------------------------------------------------------------------------
-4914-8deb-1fe70e8df7d6.jpg

       PNO
----------
PNAME
--------------------------------------------------------------------------------
     PRICE    DCRATIO
---------- ----------
PRODESC
--------------------------------------------------------------------------------
       QTY
----------
IMGFILE
--------------------------------------------------------------------------------
BIGFILE
--------------------------------------------------------------------------------
https://image6.coupangcdn.com/image/retail/images/2972280185538949-c8a2863e-51a3

       PNO
----------
PNAME
--------------------------------------------------------------------------------
     PRICE    DCRATIO
---------- ----------
PRODESC
--------------------------------------------------------------------------------
       QTY
----------
IMGFILE
--------------------------------------------------------------------------------
BIGFILE
--------------------------------------------------------------------------------
-4861-ae98-31c12747d584.jpg

       PNO
----------
PNAME
--------------------------------------------------------------------------------
     PRICE    DCRATIO
---------- ----------
PRODESC
--------------------------------------------------------------------------------
       QTY
----------
IMGFILE
--------------------------------------------------------------------------------
BIGFILE
--------------------------------------------------------------------------------


       PNO
----------
PNAME
--------------------------------------------------------------------------------
     PRICE    DCRATIO
---------- ----------
PRODESC
--------------------------------------------------------------------------------
       QTY
----------
IMGFILE
--------------------------------------------------------------------------------
BIGFILE
--------------------------------------------------------------------------------
        41

       PNO
----------
PNAME
--------------------------------------------------------------------------------
     PRICE    DCRATIO
---------- ----------
PRODESC
--------------------------------------------------------------------------------
       QTY
----------
IMGFILE
--------------------------------------------------------------------------------
BIGFILE
--------------------------------------------------------------------------------
플레이스테이션 5 슬림 스탠다드

       PNO
----------
PNAME
--------------------------------------------------------------------------------
     PRICE    DCRATIO
---------- ----------
PRODESC
--------------------------------------------------------------------------------
       QTY
----------
IMGFILE
--------------------------------------------------------------------------------
BIGFILE
--------------------------------------------------------------------------------
    684870          5

       PNO
----------
PNAME
--------------------------------------------------------------------------------
     PRICE    DCRATIO
---------- ----------
PRODESC
--------------------------------------------------------------------------------
       QTY
----------
IMGFILE
--------------------------------------------------------------------------------
BIGFILE
--------------------------------------------------------------------------------
동일한 몰입감, 슬림해진 사이즈, 더 세련되고 컴팩트한 콘솔 디자인

       PNO
----------
PNAME
--------------------------------------------------------------------------------
     PRICE    DCRATIO
---------- ----------
PRODESC
--------------------------------------------------------------------------------
       QTY
----------
IMGFILE
--------------------------------------------------------------------------------
BIGFILE
--------------------------------------------------------------------------------
       220

       PNO
----------
PNAME
--------------------------------------------------------------------------------
     PRICE    DCRATIO
---------- ----------
PRODESC
--------------------------------------------------------------------------------
       QTY
----------
IMGFILE
--------------------------------------------------------------------------------
BIGFILE
--------------------------------------------------------------------------------
https://image6.coupangcdn.com/image/retail/images/77486382106706-cba7547b-5c1d-4

       PNO
----------
PNAME
--------------------------------------------------------------------------------
     PRICE    DCRATIO
---------- ----------
PRODESC
--------------------------------------------------------------------------------
       QTY
----------
IMGFILE
--------------------------------------------------------------------------------
BIGFILE
--------------------------------------------------------------------------------
9e4-81b5-fc49a5fe2ed9.jpg

       PNO
----------
PNAME
--------------------------------------------------------------------------------
     PRICE    DCRATIO
---------- ----------
PRODESC
--------------------------------------------------------------------------------
       QTY
----------
IMGFILE
--------------------------------------------------------------------------------
BIGFILE
--------------------------------------------------------------------------------
https://image8.coupangcdn.com/image/retail/images/2023/12/28/14/3/906178ce-467b-

       PNO
----------
PNAME
--------------------------------------------------------------------------------
     PRICE    DCRATIO
---------- ----------
PRODESC
--------------------------------------------------------------------------------
       QTY
----------
IMGFILE
--------------------------------------------------------------------------------
BIGFILE
--------------------------------------------------------------------------------
4fb0-8922-9061d2bd42a7.jpg

       PNO
----------
PNAME
--------------------------------------------------------------------------------
     PRICE    DCRATIO
---------- ----------
PRODESC
--------------------------------------------------------------------------------
       QTY
----------
IMGFILE
--------------------------------------------------------------------------------
BIGFILE
--------------------------------------------------------------------------------


40 행이 선택되었습니다.

SQL> col pname format a20;
SQL> select * from product;

       PNO PNAME                     PRICE    DCRATIO
---------- -------------------- ---------- ----------
PRODESC
--------------------------------------------------------------------------------
       QTY
----------
IMGFILE
--------------------------------------------------------------------------------
BIGFILE
--------------------------------------------------------------------------------
         1 뽀로로코딩컴퓨터         135000         41
아이들이 좋아하는 뽀로로와 함께 코딩과 한글, 영어를 놀면서배워요
       100

       PNO PNAME                     PRICE    DCRATIO
---------- -------------------- ---------- ----------
PRODESC
--------------------------------------------------------------------------------
       QTY
----------
IMGFILE
--------------------------------------------------------------------------------
BIGFILE
--------------------------------------------------------------------------------
https://shop-phinf.pstatic.net/20210219_97/1613715831382Uyye9_JPEG/1485166510509
9013_669278903.jpg?type=m510
https://shop-phinf.pstatic.net/20210219_170/1613715840197EH3Fd_JPEG/148516739983

       PNO PNAME                     PRICE    DCRATIO
---------- -------------------- ---------- ----------
PRODESC
--------------------------------------------------------------------------------
       QTY
----------
IMGFILE
--------------------------------------------------------------------------------
BIGFILE
--------------------------------------------------------------------------------
12189_1049351525.jpg?type=m510

         2 하루헛개 인터넷 특판      78000         15

       PNO PNAME                     PRICE    DCRATIO
---------- -------------------- ---------- ----------
PRODESC
--------------------------------------------------------------------------------
       QTY
----------
IMGFILE
--------------------------------------------------------------------------------
BIGFILE
--------------------------------------------------------------------------------
고급 휴대용기 무료 증정
        20
https://shop-phinf.pstatic.net/20220706_188/16570985007616eBbX_JPEG/582343345821

       PNO PNAME                     PRICE    DCRATIO
---------- -------------------- ---------- ----------
PRODESC
--------------------------------------------------------------------------------
       QTY
----------
IMGFILE
--------------------------------------------------------------------------------
BIGFILE
--------------------------------------------------------------------------------
79421_971840150.jpg?type=m510
https://shop-phinf.pstatic.net/20220211_261/1644565982379oebbd_JPEG/457018280770
46944_338516665.jpg?type=m510

       PNO PNAME                     PRICE    DCRATIO
---------- -------------------- ---------- ----------
PRODESC
--------------------------------------------------------------------------------
       QTY
----------
IMGFILE
--------------------------------------------------------------------------------
BIGFILE
--------------------------------------------------------------------------------

         3 차반 카스테라 붕어빵      14900          0
            750g

       PNO PNAME                     PRICE    DCRATIO
---------- -------------------- ---------- ----------
PRODESC
--------------------------------------------------------------------------------
       QTY
----------
IMGFILE
--------------------------------------------------------------------------------
BIGFILE
--------------------------------------------------------------------------------
원산지 국산
       500
https://shop-phinf.pstatic.net/20240329_184/1711661330499HGixM_JPEG/112797226235

       PNO PNAME                     PRICE    DCRATIO
---------- -------------------- ---------- ----------
PRODESC
--------------------------------------------------------------------------------
       QTY
----------
IMGFILE
--------------------------------------------------------------------------------
BIGFILE
--------------------------------------------------------------------------------
854603_1137371566.jpg?type=m510
https://shop-phinf.pstatic.net/20240329_66/1711661294299m7v6w_JPEG/1127971900298
24876_2128901746.jpg?type=m510

       PNO PNAME                     PRICE    DCRATIO
---------- -------------------- ---------- ----------
PRODESC
--------------------------------------------------------------------------------
       QTY
----------
IMGFILE
--------------------------------------------------------------------------------
BIGFILE
--------------------------------------------------------------------------------

        19 페라리 F8 트리뷰토    352000000         30
페라리사의 차량입니다.

       PNO PNAME                     PRICE    DCRATIO
---------- -------------------- ---------- ----------
PRODESC
--------------------------------------------------------------------------------
       QTY
----------
IMGFILE
--------------------------------------------------------------------------------
BIGFILE
--------------------------------------------------------------------------------
         5
https://upload.wikimedia.org/wikipedia/commons/thumb/0/00/2021_Ferrari_F8_Tribut
o.jpg/1200px-2021_Ferrari_F8_Tributo.jpg

       PNO PNAME                     PRICE    DCRATIO
---------- -------------------- ---------- ----------
PRODESC
--------------------------------------------------------------------------------
       QTY
----------
IMGFILE
--------------------------------------------------------------------------------
BIGFILE
--------------------------------------------------------------------------------
https://ci.encarmagazine.com/2019/07/ssss-2.jpg

        20 손흥민                340000000         50

       PNO PNAME                     PRICE    DCRATIO
---------- -------------------- ---------- ----------
PRODESC
--------------------------------------------------------------------------------
       QTY
----------
IMGFILE
--------------------------------------------------------------------------------
BIGFILE
--------------------------------------------------------------------------------
1주일 가격입니다.
         1
https://encrypted-tbn0.gstatic.com/images?q=tbn:ANd9GcSiAIp_s7Xo2wc6Ll0F1RknstQl

       PNO PNAME                     PRICE    DCRATIO
---------- -------------------- ---------- ----------
PRODESC
--------------------------------------------------------------------------------
       QTY
----------
IMGFILE
--------------------------------------------------------------------------------
BIGFILE
--------------------------------------------------------------------------------
JQ9uhiRCqI03ZZ31Mg
https://d2u3dcdbebyaiu.cloudfront.net/uploads/atch_img/253/bf010cb6828cb6ff0efba
75d9ebff44f_res.jpeg

       PNO PNAME                     PRICE    DCRATIO
---------- -------------------- ---------- ----------
PRODESC
--------------------------------------------------------------------------------
       QTY
----------
IMGFILE
--------------------------------------------------------------------------------
BIGFILE
--------------------------------------------------------------------------------

        21 GTE 자동차침대          2490000         10
아이들의 꿈의 침대, 드림카베드가 새롭게 업그레이드 되었습니다.

       PNO PNAME                     PRICE    DCRATIO
---------- -------------------- ---------- ----------
PRODESC
--------------------------------------------------------------------------------
       QTY
----------
IMGFILE
--------------------------------------------------------------------------------
BIGFILE
--------------------------------------------------------------------------------
        23
https://haloworldmall.com/web/product/big/202212/b3f899c85461a9f2b57a1ba091967d5
4.jpg

       PNO PNAME                     PRICE    DCRATIO
---------- -------------------- ---------- ----------
PRODESC
--------------------------------------------------------------------------------
       QTY
----------
IMGFILE
--------------------------------------------------------------------------------
BIGFILE
--------------------------------------------------------------------------------
https://www.haloworldmall.com/haloworld/dreamcarbed/detail/gte/GTE_new2023.jpg

        22 농협안심한우1등급세       57800         30

       PNO PNAME                     PRICE    DCRATIO
---------- -------------------- ---------- ----------
PRODESC
--------------------------------------------------------------------------------
       QTY
----------
IMGFILE
--------------------------------------------------------------------------------
BIGFILE
--------------------------------------------------------------------------------
           트 600g
특별한 날 소중한 분께 마음을 전하세요!
         5

       PNO PNAME                     PRICE    DCRATIO
---------- -------------------- ---------- ----------
PRODESC
--------------------------------------------------------------------------------
       QTY
----------
IMGFILE
--------------------------------------------------------------------------------
BIGFILE
--------------------------------------------------------------------------------
https://img1.kakaocdn.net/thumb/C320x320@2x.fwebp.q82/?fname=https%3A%2F%2Fst.ka
kaocdn.net%2Fproduct%2Fgift%2Fproduct%2F20240411142058_1865d18348604617a08946197
3c38b96.jpg

       PNO PNAME                     PRICE    DCRATIO
---------- -------------------- ---------- ----------
PRODESC
--------------------------------------------------------------------------------
       QTY
----------
IMGFILE
--------------------------------------------------------------------------------
BIGFILE
--------------------------------------------------------------------------------
https://st.kakaocdn.net/product/gift/editor/20240411142110_68cf0f4409b445ffa8d3a
80216c0c5bd.jpg


       PNO PNAME                     PRICE    DCRATIO
---------- -------------------- ---------- ----------
PRODESC
--------------------------------------------------------------------------------
       QTY
----------
IMGFILE
--------------------------------------------------------------------------------
BIGFILE
--------------------------------------------------------------------------------
        23 헤라 NEW 블랙 쿠션        46800         10
           파이데이션 싱글
감도 높은 피부의 시작 얇고 매끄한 커버로 완성하는 소프트 새틴 스킨

       PNO PNAME                     PRICE    DCRATIO
---------- -------------------- ---------- ----------
PRODESC
--------------------------------------------------------------------------------
       QTY
----------
IMGFILE
--------------------------------------------------------------------------------
BIGFILE
--------------------------------------------------------------------------------
        14
https://img1.kakaocdn.net/thumb/C320x320@2x.fwebp.q82/?fname=https%3A%2F%2Fst.ka
kaocdn.net%2Fproduct%2Fgift%2Fproduct%2F20240330085340_804f43ce50904e6faee1a1dbe

       PNO PNAME                     PRICE    DCRATIO
---------- -------------------- ---------- ----------
PRODESC
--------------------------------------------------------------------------------
       QTY
----------
IMGFILE
--------------------------------------------------------------------------------
BIGFILE
--------------------------------------------------------------------------------
97b20ea.jpg
https://st.kakaocdn.net/product/gift/editor/20240330085455_3b871edc234741b085679
4e53c5ec704.jpg

       PNO PNAME                     PRICE    DCRATIO
---------- -------------------- ---------- ----------
PRODESC
--------------------------------------------------------------------------------
       QTY
----------
IMGFILE
--------------------------------------------------------------------------------
BIGFILE
--------------------------------------------------------------------------------

         4 앙골 라탄 숄더백 여       16700          0
           름 데일리백

       PNO PNAME                     PRICE    DCRATIO
---------- -------------------- ---------- ----------
PRODESC
--------------------------------------------------------------------------------
       QTY
----------
IMGFILE
--------------------------------------------------------------------------------
BIGFILE
--------------------------------------------------------------------------------
색상 블랙이랑 알록달록 있음
        50
https://shop-phinf.pstatic.net/20230518_168/1684379089023uw4eT_JPEG/%EB%9D%BC%ED

       PNO PNAME                     PRICE    DCRATIO
---------- -------------------- ---------- ----------
PRODESC
--------------------------------------------------------------------------------
       QTY
----------
IMGFILE
--------------------------------------------------------------------------------
BIGFILE
--------------------------------------------------------------------------------
%83%84%EB%B0%B1.jpg?type=w860
https://shop-phinf.pstatic.net/20230518_168/1684379089023uw4eT_JPEG/%EB%9D%BC%ED
%83%84%EB%B0%B1.jpg?type=w860

       PNO PNAME                     PRICE    DCRATIO
---------- -------------------- ---------- ----------
PRODESC
--------------------------------------------------------------------------------
       QTY
----------
IMGFILE
--------------------------------------------------------------------------------
BIGFILE
--------------------------------------------------------------------------------

         5 부각믹스 3봉 식품        247950         80
오후 3시이전 결제 당일배송

       PNO PNAME                     PRICE    DCRATIO
---------- -------------------- ---------- ----------
PRODESC
--------------------------------------------------------------------------------
       QTY
----------
IMGFILE
--------------------------------------------------------------------------------
BIGFILE
--------------------------------------------------------------------------------
       100
https://shop-phinf.pstatic.net/20221207_156/1670379523020oHgzQ_JPEG/715154117111
90531_2123150618.jpg?type=w860

       PNO PNAME                     PRICE    DCRATIO
---------- -------------------- ---------- ----------
PRODESC
--------------------------------------------------------------------------------
       QTY
----------
IMGFILE
--------------------------------------------------------------------------------
BIGFILE
--------------------------------------------------------------------------------
https://coudae.s3.ap-northeast-2.amazonaws.com/A00688914/cloud/4792.jpg

         6 스텔라 댄싱 스톤 실      137300         50

       PNO PNAME                     PRICE    DCRATIO
---------- -------------------- ---------- ----------
PRODESC
--------------------------------------------------------------------------------
       QTY
----------
IMGFILE
--------------------------------------------------------------------------------
BIGFILE
--------------------------------------------------------------------------------
           버 목걸이 2종
순도 100% 은 사용
        10

       PNO PNAME                     PRICE    DCRATIO
---------- -------------------- ---------- ----------
PRODESC
--------------------------------------------------------------------------------
       QTY
----------
IMGFILE
--------------------------------------------------------------------------------
BIGFILE
--------------------------------------------------------------------------------
https://t30.azb.co.kr/view/1000x/BcFLCoMwEADQw4hLMzNJ/HVli6WgCAUFl0GkNRa0QzMg3r7
vtZh3Q/9rb8c1NrWtz3BUUTX0OI1ehMMFIPgvJ+zX/a04yCTrrPaXgEatsUBylGdAWVoaaywVhLht3XK
65nl/ABHq1DhSH17+

       PNO PNAME                     PRICE    DCRATIO
---------- -------------------- ---------- ----------
PRODESC
--------------------------------------------------------------------------------
       QTY
----------
IMGFILE
--------------------------------------------------------------------------------
BIGFILE
--------------------------------------------------------------------------------
https://t30.azb.co.kr/view/1000x/BcFLCoMwEADQw4hLMzNJ/HVli6WgCAUFl0GkNRa0QzMg3r7
vtZh3Q/9rb8c1NrWtz3BUUTX0OI1ehMMFIPgvJ+zX/a04yCTrrPaXgEatsUBylGdAWVoaaywVhLht3XK
65nl/ABHq1DhSH17+

       PNO PNAME                     PRICE    DCRATIO
---------- -------------------- ---------- ----------
PRODESC
--------------------------------------------------------------------------------
       QTY
----------
IMGFILE
--------------------------------------------------------------------------------
BIGFILE
--------------------------------------------------------------------------------

         7 강아지 건강사료           40000         17
우리 아이의 건강을 돕는 사료

       PNO PNAME                     PRICE    DCRATIO
---------- -------------------- ---------- ----------
PRODESC
--------------------------------------------------------------------------------
       QTY
----------
IMGFILE
--------------------------------------------------------------------------------
BIGFILE
--------------------------------------------------------------------------------
       100
https://shop-phinf.pstatic.net/20240305_242/1709606148888W8LcO_JPEG/110741976696
854067_1343315304.jpg?type=f40

       PNO PNAME                     PRICE    DCRATIO
---------- -------------------- ---------- ----------
PRODESC
--------------------------------------------------------------------------------
       QTY
----------
IMGFILE
--------------------------------------------------------------------------------
BIGFILE
--------------------------------------------------------------------------------
https://shop-phinf.pstatic.net/20240305_242/1709606148888W8LcO_JPEG/110741976696
854067_1343315304.jpg?type=m510


       PNO PNAME                     PRICE    DCRATIO
---------- -------------------- ---------- ----------
PRODESC
--------------------------------------------------------------------------------
       QTY
----------
IMGFILE
--------------------------------------------------------------------------------
BIGFILE
--------------------------------------------------------------------------------
         8 끌로에 향수 75ML         193000         15
여성스럽고 우아한 장미향의 대명사
       150

       PNO PNAME                     PRICE    DCRATIO
---------- -------------------- ---------- ----------
PRODESC
--------------------------------------------------------------------------------
       QTY
----------
IMGFILE
--------------------------------------------------------------------------------
BIGFILE
--------------------------------------------------------------------------------
https://shop-phinf.pstatic.net/20240328_64/1711606515949rbNsn_JPEG/1127424116425
89860_592661793.jpg?type=f40
https://shop-phinf.pstatic.net/20240328_64/1711606515949rbNsn_JPEG/1127424116425

       PNO PNAME                     PRICE    DCRATIO
---------- -------------------- ---------- ----------
PRODESC
--------------------------------------------------------------------------------
       QTY
----------
IMGFILE
--------------------------------------------------------------------------------
BIGFILE
--------------------------------------------------------------------------------
89860_592661793.jpg?type=m510

         9 사이드테이블 S           200000         85

       PNO PNAME                     PRICE    DCRATIO
---------- -------------------- ---------- ----------
PRODESC
--------------------------------------------------------------------------------
       QTY
----------
IMGFILE
--------------------------------------------------------------------------------
BIGFILE
--------------------------------------------------------------------------------
트렌디한 심플 디자인 감각적인 인테리어 원형테이블
        50
https://shop-phinf.pstatic.net/20230221_76/1676938454183VMVom_JPEG/7807429688775

       PNO PNAME                     PRICE    DCRATIO
---------- -------------------- ---------- ----------
PRODESC
--------------------------------------------------------------------------------
       QTY
----------
IMGFILE
--------------------------------------------------------------------------------
BIGFILE
--------------------------------------------------------------------------------
0030_960351452.jpg?type=f40
https://shop-phinf.pstatic.net/20230221_297/1676938461325BRSJS_JPEG/780743040053
16602_356502135.jpg?type=m510

       PNO PNAME                     PRICE    DCRATIO
---------- -------------------- ---------- ----------
PRODESC
--------------------------------------------------------------------------------
       QTY
----------
IMGFILE
--------------------------------------------------------------------------------
BIGFILE
--------------------------------------------------------------------------------

        11 타요 주차타워 세트       220000         36
타요와 친구들의 새로운 놀이터!

       PNO PNAME                     PRICE    DCRATIO
---------- -------------------- ---------- ----------
PRODESC
--------------------------------------------------------------------------------
       QTY
----------
IMGFILE
--------------------------------------------------------------------------------
BIGFILE
--------------------------------------------------------------------------------
       300
https://shop-phinf.pstatic.net/20231219_75/1702946861882jlB1B_JPEG/8433893864134
925_780932944.jpg?type=m510

       PNO PNAME                     PRICE    DCRATIO
---------- -------------------- ---------- ----------
PRODESC
--------------------------------------------------------------------------------
       QTY
----------
IMGFILE
--------------------------------------------------------------------------------
BIGFILE
--------------------------------------------------------------------------------
https://shop-phinf.pstatic.net/20231219_75/1702946861882jlB1B_JPEG/8433893864134
925_780932944.jpg?type=m510


       PNO PNAME                     PRICE    DCRATIO
---------- -------------------- ---------- ----------
PRODESC
--------------------------------------------------------------------------------
       QTY
----------
IMGFILE
--------------------------------------------------------------------------------
BIGFILE
--------------------------------------------------------------------------------
        12 저당 초콜릿 초코바         9400          8
가볍게 즐기는 초콜릿 바 아이스크림
        75

       PNO PNAME                     PRICE    DCRATIO
---------- -------------------- ---------- ----------
PRODESC
--------------------------------------------------------------------------------
       QTY
----------
IMGFILE
--------------------------------------------------------------------------------
BIGFILE
--------------------------------------------------------------------------------
https://shop-phinf.pstatic.net/20240327_83/1711502452444KWWFV_JPEG/1993841451288
540_1790779556.jpg?type=m510
https://shop-phinf.pstatic.net/20231129_152/1701237158849K4typ_JPEG/683752964411

       PNO PNAME                     PRICE    DCRATIO
---------- -------------------- ---------- ----------
PRODESC
--------------------------------------------------------------------------------
       QTY
----------
IMGFILE
--------------------------------------------------------------------------------
BIGFILE
--------------------------------------------------------------------------------
0370_445197186.jpg?type=m510

        13 뉴질랜드 루비레드 키      24900         21

       PNO PNAME                     PRICE    DCRATIO
---------- -------------------- ---------- ----------
PRODESC
--------------------------------------------------------------------------------
       QTY
----------
IMGFILE
--------------------------------------------------------------------------------
BIGFILE
--------------------------------------------------------------------------------
           위
생동감 넘치는 붉은빛을 뽐내는 뉴질랜드 루비레드
       120

       PNO PNAME                     PRICE    DCRATIO
---------- -------------------- ---------- ----------
PRODESC
--------------------------------------------------------------------------------
       QTY
----------
IMGFILE
--------------------------------------------------------------------------------
BIGFILE
--------------------------------------------------------------------------------
https://shop-phinf.pstatic.net/20240414_291/1713097685609ipHKk_JPEG/370090885284
34870_83385394.jpg?type=m510
https://shop-phinf.pstatic.net/20240414_246/17130976859247mmBl_JPEG/370090888444

       PNO PNAME                     PRICE    DCRATIO
---------- -------------------- ---------- ----------
PRODESC
--------------------------------------------------------------------------------
       QTY
----------
IMGFILE
--------------------------------------------------------------------------------
BIGFILE
--------------------------------------------------------------------------------
11857_1352452471.jpg?type=m510

        14 호박인절미 떡케이크       35900          8

       PNO PNAME                     PRICE    DCRATIO
---------- -------------------- ---------- ----------
PRODESC
--------------------------------------------------------------------------------
       QTY
----------
IMGFILE
--------------------------------------------------------------------------------
BIGFILE
--------------------------------------------------------------------------------
쫄깃하고 고소한 호박인절미 떡케이크
        50
https://shop-phinf.pstatic.net/20240416_42/1713252161818VPi3V_JPEG/4650692665541

       PNO PNAME                     PRICE    DCRATIO
---------- -------------------- ---------- ----------
PRODESC
--------------------------------------------------------------------------------
       QTY
----------
IMGFILE
--------------------------------------------------------------------------------
BIGFILE
--------------------------------------------------------------------------------
145_2096151676.jpg?type=m510
https://shop-phinf.pstatic.net/20231116_251/1700110052124Deipi_JPEG/992930096851
4127_28673799.jpg?type=m510

       PNO PNAME                     PRICE    DCRATIO
---------- -------------------- ---------- ----------
PRODESC
--------------------------------------------------------------------------------
       QTY
----------
IMGFILE
--------------------------------------------------------------------------------
BIGFILE
--------------------------------------------------------------------------------

        15 구운란                    11900         26
고소하고 부드럽게 구운 맛있는 계란

       PNO PNAME                     PRICE    DCRATIO
---------- -------------------- ---------- ----------
PRODESC
--------------------------------------------------------------------------------
       QTY
----------
IMGFILE
--------------------------------------------------------------------------------
BIGFILE
--------------------------------------------------------------------------------
       250
https://shop-phinf.pstatic.net/20231219_164/1702974452224agqPp_JPEG/298306405975
6715_487347420.jpg?type=m510

       PNO PNAME                     PRICE    DCRATIO
---------- -------------------- ---------- ----------
PRODESC
--------------------------------------------------------------------------------
       QTY
----------
IMGFILE
--------------------------------------------------------------------------------
BIGFILE
--------------------------------------------------------------------------------
https://shop-phinf.pstatic.net/20231219_147/1702974452364BNcBz_JPEG/298306419912
6229_357196618.jpg?type=m510


       PNO PNAME                     PRICE    DCRATIO
---------- -------------------- ---------- ----------
PRODESC
--------------------------------------------------------------------------------
       QTY
----------
IMGFILE
--------------------------------------------------------------------------------
BIGFILE
--------------------------------------------------------------------------------
        16 케이준 치킨 샐러드         3990         17
신선함을 담아낸 케이준 치킨 샐러드
       100

       PNO PNAME                     PRICE    DCRATIO
---------- -------------------- ---------- ----------
PRODESC
--------------------------------------------------------------------------------
       QTY
----------
IMGFILE
--------------------------------------------------------------------------------
BIGFILE
--------------------------------------------------------------------------------
https://shop-phinf.pstatic.net/20240325_76/1711346297149CLg1c_JPEG/4061793180960
3300_595970114.jpg?type=m510
https://shop-phinf.pstatic.net/20240325_40/1711346297305C20n3_JPEG/4061793196319

       PNO PNAME                     PRICE    DCRATIO
---------- -------------------- ---------- ----------
PRODESC
--------------------------------------------------------------------------------
       QTY
----------
IMGFILE
--------------------------------------------------------------------------------
BIGFILE
--------------------------------------------------------------------------------
6657_297204798.jpg?type=m510

        17 반포 자이 35평        240000000          5

       PNO PNAME                     PRICE    DCRATIO
---------- -------------------- ---------- ----------
PRODESC
--------------------------------------------------------------------------------
       QTY
----------
IMGFILE
--------------------------------------------------------------------------------
BIGFILE
--------------------------------------------------------------------------------
서울시 서초구 신반포로 270 자이 아파트입니다.
         5
../images/product/banpoxi.jpg

       PNO PNAME                     PRICE    DCRATIO
---------- -------------------- ---------- ----------
PRODESC
--------------------------------------------------------------------------------
       QTY
----------
IMGFILE
--------------------------------------------------------------------------------
BIGFILE
--------------------------------------------------------------------------------
../images/product/banpoxi.jpg

        18 시그니엘 90평         780000000          3

       PNO PNAME                     PRICE    DCRATIO
---------- -------------------- ---------- ----------
PRODESC
--------------------------------------------------------------------------------
       QTY
----------
IMGFILE
--------------------------------------------------------------------------------
BIGFILE
--------------------------------------------------------------------------------
서울시 송파구 올림픽로 300 시그니엘 오피스텔입니다.
         2
https://www.lottehotel.com/content/dam/lotte-hotel/global/common/company/seoul-s

       PNO PNAME                     PRICE    DCRATIO
---------- -------------------- ---------- ----------
PRODESC
--------------------------------------------------------------------------------
       QTY
----------
IMGFILE
--------------------------------------------------------------------------------
BIGFILE
--------------------------------------------------------------------------------
igniel.jpg
https://www.lottehotel.com/content/dam/lotte-hotel/signiel/seoul/accommodation/s
uite/180708-55-2000-acc-seoul-signiel.jpg.thumb.1440.1440.jpg

       PNO PNAME                     PRICE    DCRATIO
---------- -------------------- ---------- ----------
PRODESC
--------------------------------------------------------------------------------
       QTY
----------
IMGFILE
--------------------------------------------------------------------------------
BIGFILE
--------------------------------------------------------------------------------

        24 슈퍼너츠 100 땅콩스       27200         31
           무스

       PNO PNAME                     PRICE    DCRATIO
---------- -------------------- ---------- ----------
PRODESC
--------------------------------------------------------------------------------
       QTY
----------
IMGFILE
--------------------------------------------------------------------------------
BIGFILE
--------------------------------------------------------------------------------

땅콩 100%니까 믿고 먹는 슈퍼너츠
       200

       PNO PNAME                     PRICE    DCRATIO
---------- -------------------- ---------- ----------
PRODESC
--------------------------------------------------------------------------------
       QTY
----------
IMGFILE
--------------------------------------------------------------------------------
BIGFILE
--------------------------------------------------------------------------------
https://shop-phinf.pstatic.net/20220826_25/1661505401556K8o0L_JPEG/6264122936691
0698_650614566.jpg?type=m510
https://shop-phinf.pstatic.net/20220830_217/1661844232422VsQEL_PNG/6298001213474

       PNO PNAME                     PRICE    DCRATIO
---------- -------------------- ---------- ----------
PRODESC
--------------------------------------------------------------------------------
       QTY
----------
IMGFILE
--------------------------------------------------------------------------------
BIGFILE
--------------------------------------------------------------------------------
7761_117490396.png?type=m510

        25 덴프스 덴마크 유산균      18410         24

       PNO PNAME                     PRICE    DCRATIO
---------- -------------------- ---------- ----------
PRODESC
--------------------------------------------------------------------------------
       QTY
----------
IMGFILE
--------------------------------------------------------------------------------
BIGFILE
--------------------------------------------------------------------------------
            이야기
공유가 선택한 탁! 소리나는 유산균
      2000

       PNO PNAME                     PRICE    DCRATIO
---------- -------------------- ---------- ----------
PRODESC
--------------------------------------------------------------------------------
       QTY
----------
IMGFILE
--------------------------------------------------------------------------------
BIGFILE
--------------------------------------------------------------------------------
../images/product/probiotics.jpg
../images/product/probiotics.jpg


       PNO PNAME                     PRICE    DCRATIO
---------- -------------------- ---------- ----------
PRODESC
--------------------------------------------------------------------------------
       QTY
----------
IMGFILE
--------------------------------------------------------------------------------
BIGFILE
--------------------------------------------------------------------------------
        26 움트리 골뱅이 무침         7680         15
           소스 1kg
맛 미의 뜻을 담아 맛을 채워드리는 미채움푸드의 골뱅이 무침 소스

       PNO PNAME                     PRICE    DCRATIO
---------- -------------------- ---------- ----------
PRODESC
--------------------------------------------------------------------------------
       QTY
----------
IMGFILE
--------------------------------------------------------------------------------
BIGFILE
--------------------------------------------------------------------------------
       800
https://shop-phinf.pstatic.net/20191120_169/1574230372601FWdML_JPEG/115937609813
57832_588298107.jpg?type=m510

       PNO PNAME                     PRICE    DCRATIO
---------- -------------------- ---------- ----------
PRODESC
--------------------------------------------------------------------------------
       QTY
----------
IMGFILE
--------------------------------------------------------------------------------
BIGFILE
--------------------------------------------------------------------------------
https://shop-phinf.pstatic.net/20191120_38/15742303598607i1OY_JPEG/1159374840229
6559_1880936108.jpg?type=m510


       PNO PNAME                     PRICE    DCRATIO
---------- -------------------- ---------- ----------
PRODESC
--------------------------------------------------------------------------------
       QTY
----------
IMGFILE
--------------------------------------------------------------------------------
BIGFILE
--------------------------------------------------------------------------------
        27 데체코 엑스트라버진       23200         23
           올리브오일 1L
맛이 풍부하고 식성에 맞을 뿐 아니라 균형이 잡혀있는 오일

       PNO PNAME                     PRICE    DCRATIO
---------- -------------------- ---------- ----------
PRODESC
--------------------------------------------------------------------------------
       QTY
----------
IMGFILE
--------------------------------------------------------------------------------
BIGFILE
--------------------------------------------------------------------------------
      1800
https://shop-phinf.pstatic.net/20220930_27/1664494063914EVxAC_JPEG/6562989772893
2108_248048842.jpg?type=m510

       PNO PNAME                     PRICE    DCRATIO
---------- -------------------- ---------- ----------
PRODESC
--------------------------------------------------------------------------------
       QTY
----------
IMGFILE
--------------------------------------------------------------------------------
BIGFILE
--------------------------------------------------------------------------------
https://shop-phinf.pstatic.net/20231011_74/1697004459377GD86z_JPEG/EB8DB0ECB2B4E
CBD9420EC9791EC8AA4ED8AB8EB9DBCEBB284ECA78420EC98ACEBA6ACEBB88CEC9C.png?type=m51
0

       PNO PNAME                     PRICE    DCRATIO
---------- -------------------- ---------- ----------
PRODESC
--------------------------------------------------------------------------------
       QTY
----------
IMGFILE
--------------------------------------------------------------------------------
BIGFILE
--------------------------------------------------------------------------------

        28 팔도 비락식혜 제로 2       3450          7
           38ml

       PNO PNAME                     PRICE    DCRATIO
---------- -------------------- ---------- ----------
PRODESC
--------------------------------------------------------------------------------
       QTY
----------
IMGFILE
--------------------------------------------------------------------------------
BIGFILE
--------------------------------------------------------------------------------
설탕, 당류, 칼로리까지 제로니까! 언제 어디서든 가볍게 비락식혜!
      2800
https://shop-phinf.pstatic.net/20240405_216/1712300007413iAEza_JPEG/113435903149

       PNO PNAME                     PRICE    DCRATIO
---------- -------------------- ---------- ----------
PRODESC
--------------------------------------------------------------------------------
       QTY
----------
IMGFILE
--------------------------------------------------------------------------------
BIGFILE
--------------------------------------------------------------------------------
343464_2033220498.jpg?type=m510
https://shopping-phinf.pstatic.net/20240401_20/955be1db-1418-420f-8789-a507d5b24
023.jpg

       PNO PNAME                     PRICE    DCRATIO
---------- -------------------- ---------- ----------
PRODESC
--------------------------------------------------------------------------------
       QTY
----------
IMGFILE
--------------------------------------------------------------------------------
BIGFILE
--------------------------------------------------------------------------------

        29 리버풀 홈 유니폼 저      129000         11
           지

       PNO PNAME                     PRICE    DCRATIO
---------- -------------------- ---------- ----------
PRODESC
--------------------------------------------------------------------------------
       QTY
----------
IMGFILE
--------------------------------------------------------------------------------
BIGFILE
--------------------------------------------------------------------------------
리버풀 홈 유니폼입니다.
        10
../images/product/uniform01.jpg

       PNO PNAME                     PRICE    DCRATIO
---------- -------------------- ---------- ----------
PRODESC
--------------------------------------------------------------------------------
       QTY
----------
IMGFILE
--------------------------------------------------------------------------------
BIGFILE
--------------------------------------------------------------------------------
../images/product/uniform01.jpg

        30 아스날 홈 유니폼 저      129000          7

       PNO PNAME                     PRICE    DCRATIO
---------- -------------------- ---------- ----------
PRODESC
--------------------------------------------------------------------------------
       QTY
----------
IMGFILE
--------------------------------------------------------------------------------
BIGFILE
--------------------------------------------------------------------------------
           지
아스날 홈 유니폼입니다.
         9

       PNO PNAME                     PRICE    DCRATIO
---------- -------------------- ---------- ----------
PRODESC
--------------------------------------------------------------------------------
       QTY
----------
IMGFILE
--------------------------------------------------------------------------------
BIGFILE
--------------------------------------------------------------------------------
../images/product/uniform02.jpg
../images/product/uniform02.jpg


       PNO PNAME                     PRICE    DCRATIO
---------- -------------------- ---------- ----------
PRODESC
--------------------------------------------------------------------------------
       QTY
----------
IMGFILE
--------------------------------------------------------------------------------
BIGFILE
--------------------------------------------------------------------------------
        31 맨시티 홈 유니폼 저      129000         11
           지
맨시티 홈 유니폼입니다.

       PNO PNAME                     PRICE    DCRATIO
---------- -------------------- ---------- ----------
PRODESC
--------------------------------------------------------------------------------
       QTY
----------
IMGFILE
--------------------------------------------------------------------------------
BIGFILE
--------------------------------------------------------------------------------
         8
../images/product/uniform03.jpg
../images/product/uniform03.jpg

       PNO PNAME                     PRICE    DCRATIO
---------- -------------------- ---------- ----------
PRODESC
--------------------------------------------------------------------------------
       QTY
----------
IMGFILE
--------------------------------------------------------------------------------
BIGFILE
--------------------------------------------------------------------------------

        32 레알마드리드 홈 유니     129000          7
           폼 저지

       PNO PNAME                     PRICE    DCRATIO
---------- -------------------- ---------- ----------
PRODESC
--------------------------------------------------------------------------------
       QTY
----------
IMGFILE
--------------------------------------------------------------------------------
BIGFILE
--------------------------------------------------------------------------------
레알마드리드 홈 유니폼입니다.
         7
../images/product/uniform04.jpg

       PNO PNAME                     PRICE    DCRATIO
---------- -------------------- ---------- ----------
PRODESC
--------------------------------------------------------------------------------
       QTY
----------
IMGFILE
--------------------------------------------------------------------------------
BIGFILE
--------------------------------------------------------------------------------
../images/product/uniform04.jpg

        33 첼시 홈 유니폼 저지      129000          7

       PNO PNAME                     PRICE    DCRATIO
---------- -------------------- ---------- ----------
PRODESC
--------------------------------------------------------------------------------
       QTY
----------
IMGFILE
--------------------------------------------------------------------------------
BIGFILE
--------------------------------------------------------------------------------
첼시 홈 유니폼입니다.
         6
../images/product/uniform05.jpg

       PNO PNAME                     PRICE    DCRATIO
---------- -------------------- ---------- ----------
PRODESC
--------------------------------------------------------------------------------
       QTY
----------
IMGFILE
--------------------------------------------------------------------------------
BIGFILE
--------------------------------------------------------------------------------
../images/product/uniform05.jpg

        34 콩순이 컴퓨터            169300         10

       PNO PNAME                     PRICE    DCRATIO
---------- -------------------- ---------- ----------
PRODESC
--------------------------------------------------------------------------------
       QTY
----------
IMGFILE
--------------------------------------------------------------------------------
BIGFILE
--------------------------------------------------------------------------------
동화로 배우는 콩순이 홈스쿨 코딩컴퓨터
        50
https://contents.lotteon.com/itemimage/_v015058/LO/21/14/12/08/62/_2/11/41/20/86

       PNO PNAME                     PRICE    DCRATIO
---------- -------------------- ---------- ----------
PRODESC
--------------------------------------------------------------------------------
       QTY
----------
IMGFILE
--------------------------------------------------------------------------------
BIGFILE
--------------------------------------------------------------------------------
/3/LO2114120862_2114120863_1.jpg/dims/optimize/dims/resizemc/400x400
https://contents.lotteon.com/itemimage/_v015058/LO/21/14/12/08/62/_2/11/41/20/86
/3/LO2114120862_2114120863_1.jpg/dims/optimize/dims/resizemc/400x400

       PNO PNAME                     PRICE    DCRATIO
---------- -------------------- ---------- ----------
PRODESC
--------------------------------------------------------------------------------
       QTY
----------
IMGFILE
--------------------------------------------------------------------------------
BIGFILE
--------------------------------------------------------------------------------

        35 미니인형뽑기기계          37896         30
캡슐뽑기 장난감 기계

       PNO PNAME                     PRICE    DCRATIO
---------- -------------------- ---------- ----------
PRODESC
--------------------------------------------------------------------------------
       QTY
----------
IMGFILE
--------------------------------------------------------------------------------
BIGFILE
--------------------------------------------------------------------------------
       120
https://jiktem.com/cdn/shop/products/134828_1.jpg?v=1692072634=823
https://jiktem.com/cdn/shop/products/134828_19.jpg?v=1692072634insert into produ

       PNO PNAME                     PRICE    DCRATIO
---------- -------------------- ---------- ----------
PRODESC
--------------------------------------------------------------------------------
       QTY
----------
IMGFILE
--------------------------------------------------------------------------------
BIGFILE
--------------------------------------------------------------------------------
ct=823

        36 시크릿쥬쥬                96000         18

       PNO PNAME                     PRICE    DCRATIO
---------- -------------------- ---------- ----------
PRODESC
--------------------------------------------------------------------------------
       QTY
----------
IMGFILE
--------------------------------------------------------------------------------
BIGFILE
--------------------------------------------------------------------------------
우리들의 다양한 꿈을 응원하는 베스트 프렌드
        50
https://pic.sabangnet.co.kr/product_image/mw59889/105/lBZwX_105975_1.jpg

       PNO PNAME                     PRICE    DCRATIO
---------- -------------------- ---------- ----------
PRODESC
--------------------------------------------------------------------------------
       QTY
----------
IMGFILE
--------------------------------------------------------------------------------
BIGFILE
--------------------------------------------------------------------------------
https://pic.sabangnet.co.kr/product_image/mw59889/105/lBZwX_105975_1.jpg

        37 [라이녹스] 2IN1 커피     299000         59

       PNO PNAME                     PRICE    DCRATIO
---------- -------------------- ---------- ----------
PRODESC
--------------------------------------------------------------------------------
       QTY
----------
IMGFILE
--------------------------------------------------------------------------------
BIGFILE
--------------------------------------------------------------------------------
           머신
진한 에스프레소와 간편한 캡슐커피를 동시에 드립커피와 캡슐커피
       150

       PNO PNAME                     PRICE    DCRATIO
---------- -------------------- ---------- ----------
PRODESC
--------------------------------------------------------------------------------
       QTY
----------
IMGFILE
--------------------------------------------------------------------------------
BIGFILE
--------------------------------------------------------------------------------
https://image9.coupangcdn.com/image/vendor_inventory/4185/dcdbf3a19023b7a5345822
7f1be6a7b1c15456239af01e264dba6ff37023.jpg
https://image7.coupangcdn.com/image/vendor_inventory/6430/7c974ce787f610e9ca861d

       PNO PNAME                     PRICE    DCRATIO
---------- -------------------- ---------- ----------
PRODESC
--------------------------------------------------------------------------------
       QTY
----------
IMGFILE
--------------------------------------------------------------------------------
BIGFILE
--------------------------------------------------------------------------------
f22130c1018177b8ef6e3b70c6c83676c0cb97.jpg

        38 탑 푸룻 젤리 애플망       22500         29

       PNO PNAME                     PRICE    DCRATIO
---------- -------------------- ---------- ----------
PRODESC
--------------------------------------------------------------------------------
       QTY
----------
IMGFILE
--------------------------------------------------------------------------------
BIGFILE
--------------------------------------------------------------------------------
           고맛
베트남 탑푸르트 망고젤리 대용량 탑젤리 애플망고 100개
       500

       PNO PNAME                     PRICE    DCRATIO
---------- -------------------- ---------- ----------
PRODESC
--------------------------------------------------------------------------------
       QTY
----------
IMGFILE
--------------------------------------------------------------------------------
BIGFILE
--------------------------------------------------------------------------------
https://image6.coupangcdn.com/image/vendor_inventory/4cd0/c5f1662adfd5fdf8727d46
953ae5a746f19150f14b780b128e3299fcf65d.jpg
https://image8.coupangcdn.com/image/vendor_inventory/b5b7/cf3c6f2c33ddabbdde2653

       PNO PNAME                     PRICE    DCRATIO
---------- -------------------- ---------- ----------
PRODESC
--------------------------------------------------------------------------------
       QTY
----------
IMGFILE
--------------------------------------------------------------------------------
BIGFILE
--------------------------------------------------------------------------------
3eed623063259777893cbbd97c723d901224f3.jpg

        39 실비김치 2KG              18900         43

       PNO PNAME                     PRICE    DCRATIO
---------- -------------------- ---------- ----------
PRODESC
--------------------------------------------------------------------------------
       QTY
----------
IMGFILE
--------------------------------------------------------------------------------
BIGFILE
--------------------------------------------------------------------------------
[밥도둑들] 적당하게 맛있는 매운김치2Kg / 맛없다면 무료반품
       100
https://image7.coupangcdn.com/image/vendor_inventory/32d5/00b0507b4fbcd3a1ff9e1d

       PNO PNAME                     PRICE    DCRATIO
---------- -------------------- ---------- ----------
PRODESC
--------------------------------------------------------------------------------
       QTY
----------
IMGFILE
--------------------------------------------------------------------------------
BIGFILE
--------------------------------------------------------------------------------
c2d5b9a33ea425b94b1aed6bdf7b214c6d39e6.jpg
https://image6.coupangcdn.com/image/vendor_inventory/ac67/a4c556e3008c0eb30b4a84
6d3b5565b86655fc5bfec38724f8d059b3f36a.jpg

       PNO PNAME                     PRICE    DCRATIO
---------- -------------------- ---------- ----------
PRODESC
--------------------------------------------------------------------------------
       QTY
----------
IMGFILE
--------------------------------------------------------------------------------
BIGFILE
--------------------------------------------------------------------------------

        40 아이패드 프로 11 4세    1249000         10
           대

       PNO PNAME                     PRICE    DCRATIO
---------- -------------------- ---------- ----------
PRODESC
--------------------------------------------------------------------------------
       QTY
----------
IMGFILE
--------------------------------------------------------------------------------
BIGFILE
--------------------------------------------------------------------------------
압도적인 성능. 놀라운 첨단 디스플레이. 강력한 신기능이 가득한 iPadOS 16
        50
https://image9.coupangcdn.com/image/retail/images/2357375067861117-98f5d372-f2c0

       PNO PNAME                     PRICE    DCRATIO
---------- -------------------- ---------- ----------
PRODESC
--------------------------------------------------------------------------------
       QTY
----------
IMGFILE
--------------------------------------------------------------------------------
BIGFILE
--------------------------------------------------------------------------------
-4914-8deb-1fe70e8df7d6.jpg
https://image6.coupangcdn.com/image/retail/images/2972280185538949-c8a2863e-51a3
-4861-ae98-31c12747d584.jpg

       PNO PNAME                     PRICE    DCRATIO
---------- -------------------- ---------- ----------
PRODESC
--------------------------------------------------------------------------------
       QTY
----------
IMGFILE
--------------------------------------------------------------------------------
BIGFILE
--------------------------------------------------------------------------------

        41 플레이스테이션 5 슬      684870          5
           림 스탠다드

       PNO PNAME                     PRICE    DCRATIO
---------- -------------------- ---------- ----------
PRODESC
--------------------------------------------------------------------------------
       QTY
----------
IMGFILE
--------------------------------------------------------------------------------
BIGFILE
--------------------------------------------------------------------------------
동일한 몰입감, 슬림해진 사이즈, 더 세련되고 컴팩트한 콘솔 디자인
       220
https://image6.coupangcdn.com/image/retail/images/77486382106706-cba7547b-5c1d-4

       PNO PNAME                     PRICE    DCRATIO
---------- -------------------- ---------- ----------
PRODESC
--------------------------------------------------------------------------------
       QTY
----------
IMGFILE
--------------------------------------------------------------------------------
BIGFILE
--------------------------------------------------------------------------------
9e4-81b5-fc49a5fe2ed9.jpg
https://image8.coupangcdn.com/image/retail/images/2023/12/28/14/3/906178ce-467b-
4fb0-8922-9061d2bd42a7.jpg

       PNO PNAME                     PRICE    DCRATIO
---------- -------------------- ---------- ----------
PRODESC
--------------------------------------------------------------------------------
       QTY
----------
IMGFILE
--------------------------------------------------------------------------------
BIGFILE
--------------------------------------------------------------------------------


40 행이 선택되었습니다.

SQL> select * from product where pname like '%뽀로로%';

       PNO PNAME                     PRICE    DCRATIO
---------- -------------------- ---------- ----------
PRODESC
--------------------------------------------------------------------------------
       QTY
----------
IMGFILE
--------------------------------------------------------------------------------
BIGFILE
--------------------------------------------------------------------------------
         1 뽀로로코딩컴퓨터         135000         41
아이들이 좋아하는 뽀로로와 함께 코딩과 한글, 영어를 놀면서배워요
       100

       PNO PNAME                     PRICE    DCRATIO
---------- -------------------- ---------- ----------
PRODESC
--------------------------------------------------------------------------------
       QTY
----------
IMGFILE
--------------------------------------------------------------------------------
BIGFILE
--------------------------------------------------------------------------------
https://shop-phinf.pstatic.net/20210219_97/1613715831382Uyye9_JPEG/1485166510509
9013_669278903.jpg?type=m510
https://shop-phinf.pstatic.net/20210219_170/1613715840197EH3Fd_JPEG/148516739983

       PNO PNAME                     PRICE    DCRATIO
---------- -------------------- ---------- ----------
PRODESC
--------------------------------------------------------------------------------
       QTY
----------
IMGFILE
--------------------------------------------------------------------------------
BIGFILE
--------------------------------------------------------------------------------
12189_1049351525.jpg?type=m510


SQL> DESC emp;
 이름                                      널?      유형
 ----------------------------------------- -------- ----------------------------
 EMPNO                                     NOT NULL NUMBER(4)
 ENAME                                              VARCHAR2(10)
 JOB                                                VARCHAR2(9)
 MGR                                                NUMBER(4)
 HIREDATE                                           DATE
 SAL                                                NUMBER(7,2)
 COMM                                               NUMBER(7,2)
 DEPTNO                                             NUMBER(2)

SQL> select * from emp;

     EMPNO ENAME                JOB                       MGR HIREDATE
---------- -------------------- ------------------ ---------- --------
       SAL       COMM     DEPTNO
---------- ---------- ----------
      7369 SMITH                CLERK                    7902 80/12/17
       800                    20

      7499 ALLEN                SALESMAN                 7698 81/02/20
      1600        300         30

      7521 WARD                 SALESMAN                 7698 81/02/22
      1250        500         30


     EMPNO ENAME                JOB                       MGR HIREDATE
---------- -------------------- ------------------ ---------- --------
       SAL       COMM     DEPTNO
---------- ---------- ----------
      7566 JONES                MANAGER                  7839 81/04/02
      2975                    20

      7654 MARTIN               SALESMAN                 7698 81/09/28
      1250       1400         30

      7698 BLAKE                MANAGER                  7839 81/05/01
      2850                    30


     EMPNO ENAME                JOB                       MGR HIREDATE
---------- -------------------- ------------------ ---------- --------
       SAL       COMM     DEPTNO
---------- ---------- ----------
      7782 CLARK                MANAGER                  7839 81/06/09
      2450                    10

      7788 SCOTT                ANALYST                  7566 82/12/09
      3000                    20

      7839 KING                 PRESIDENT                     81/11/17
      5000                    10


     EMPNO ENAME                JOB                       MGR HIREDATE
---------- -------------------- ------------------ ---------- --------
       SAL       COMM     DEPTNO
---------- ---------- ----------
      7844 TURNER               SALESMAN                 7698 81/09/08
      1500          0         30

      7876 ADAMS                CLERK                    7788 83/01/12
      1100                    20

      7900 JAMES                CLERK                    7698 81/12/03
       950                    30


     EMPNO ENAME                JOB                       MGR HIREDATE
---------- -------------------- ------------------ ---------- --------
       SAL       COMM     DEPTNO
---------- ---------- ----------
      7902 FORD                 ANALYST                  7566 81/12/03
      3000                    20

      7934 MILLER               CLERK                    7782 82/01/23
      1300                    40


14 행이 선택되었습니다.

SQL> CREATE TABLE movie
  2  (no number,
  3  name varchar2(100),
  4  src varchar2(500));

테이블이 생성되었습니다.

SQL> SELECT * FROM user_sequences;

SEQUENCE_NAME
--------------------------------------------------------------------------------
 MIN_VALUE  MAX_VALUE INCREMENT_BY CY OR CACHE_SIZE LAST_NUMBER SC EX SH SE KE
---------- ---------- ------------ -- -- ---------- ----------- -- -- -- -- --
DEPT_DEPTNO
         1 1.0000E+28            1 N  N           0           3 N  N  N  N  N

FILEINFO_FNO_SEQ
         1 1.0000E+28            1 N  N           0          10 N  N  N  N  N

FILEUP_NO_SEQ
         1 1.0000E+28            1 N  N           0          11 N  N  N  N  N


SEQUENCE_NAME
--------------------------------------------------------------------------------
 MIN_VALUE  MAX_VALUE INCREMENT_BY CY OR CACHE_SIZE LAST_NUMBER SC EX SH SE KE
---------- ---------- ------------ -- -- ---------- ----------- -- -- -- -- --
MEMBER_NO_SEQ
         1 1.0000E+28            1 N  N           0          86 N  N  N  N  N

PRODUCT_PNO_SEQ
         1 1.0000E+28            1 N  N           0          42 N  N  N  N  N


SQL> CREATE SEQUENCE movie_no_seq
  2  start with 1
  3  increment by 1
  4  nocache
  5  nocycle;

시퀀스가 생성되었습니다.

SQL> INSERT INTO movie VALUES(MOVIE_NO_SEQ.NEXTVAL, "파묘", "../images/movie_image1.jpg");
INSERT INTO movie VALUES(MOVIE_NO_SEQ.NEXTVAL, "파묘", "../images/movie_image1.jpg")
                                                         *
1행에 오류:
ORA-00984: 열을 사용할 수 없습니다


SQL> select * from movie;

선택된 레코드가 없습니다.

SQL> desc movie
 이름                                      널?      유형
 ----------------------------------------- -------- ----------------------------
 NO                                                 NUMBER
 NAME                                               VARCHAR2(100)
 SRC                                                VARCHAR2(500)

SQL> INSERT INTO movie VALUES(MOVIE_NO_SEQ.NEXTVAL, "파묘", "..");
INSERT INTO movie VALUES(MOVIE_NO_SEQ.NEXTVAL, "파묘", "..")
                                                         *
1행에 오류:
ORA-00984: 열을 사용할 수 없습니다


SQL> INSERT INTO movie VALUES(MOVIE_NO_SEQ.NEXTVAL, "파묘");
INSERT INTO movie VALUES(MOVIE_NO_SEQ.NEXTVAL, "파묘")
            *
1행에 오류:
ORA-00947: 값의 수가 충분하지 않습니다


SQL> INSERT INTO movie VALUES(MOVIE_NO_SEQ.NEXTVAL, "파묘", "파일경로");
INSERT INTO movie VALUES(MOVIE_NO_SEQ.NEXTVAL, "파묘", "파일경로")
                                                          *
1행에 오류:
ORA-00984: 열을 사용할 수 없습니다


SQL> INSERT INTO movie VALUES(MOVIE_NO_SEQ.NEXTVAL, "파묘", "파일경로");
INSERT INTO movie VALUES(MOVIE_NO_SEQ.NEXTVAL, "파묘", "파일경로")
                                                          *
1행에 오류:
ORA-00984: 열을 사용할 수 없습니다


SQL> INSERT INTO movie(no) VALUES (MOVIE_NO_SEQ.NEXTVAL);

1 개의 행이 만들어졌습니다.

SQL> SELECT * FROM movie
  2  ;

        NO
----------
NAME
--------------------------------------------------------------------------------
SRC
--------------------------------------------------------------------------------
         1




SQL> update movie set src="../images/movie_image1.jpg";
update movie set src="../images/movie_image1.jpg"
                     *
1행에 오류:
ORA-00904: "../images/movie_image1.jpg": 부적합한 식별자


SQL> update movie set name="파묘";
update movie set name="파묘"
                      *
1행에 오류:
ORA-00904: "파묘": 부적합한 식별자


SQL> commit;

커밋이 완료되었습니다.

SQL> select * from movie;

        NO
----------
NAME
--------------------------------------------------------------------------------
SRC
--------------------------------------------------------------------------------
         1
파묘
../images/movie_image1.jpg


SQL> col name format a20
SQL> col src format a30
SQL> select * from movie;

        NO NAME                 SRC
---------- -------------------- ------------------------------
         1 파묘                 ../images/movie_image1.jpg

SQL> INSERT INTO movie VALUES(MOVIE_NO_SEQ.NEXTVAL, "댓글부대", "../images/movie_image2.jpg");
INSERT INTO movie VALUES(MOVIE_NO_SEQ.NEXTVAL, "댓글부대", "../images/movie_image2.jpg")
                                                               *
1행에 오류:
ORA-00984: 열을 사용할 수 없습니다


SQL> INSERT INTO movie VALUES(MOVIE_NO_SEQ.NEXTVAL, "댓글부대", "..\/images\/movie_image2.jpg");
INSERT INTO movie VALUES(MOVIE_NO_SEQ.NEXTVAL, "댓글부대", "..\/images\/movie_image2.jpg")
                                                               *
1행에 오류:
ORA-00984: 열을 사용할 수 없습니다


SQL> INSERT INTO movie VALUES(MOVIE_NO_SEQ.NEXTVAL, "댓글부대", "../images/movie_image2.jpg");
INSERT INTO movie VALUES(MOVIE_NO_SEQ.NEXTVAL, "댓글부대", "../images/movie_image2.jpg")
                                                               *
1행에 오류:
ORA-00984: 열을 사용할 수 없습니다


SQL> INSERT INTO movie(no, name) VALUES(MOVIE_NO_SEQ.NEXTVAL, "댓글부대");
INSERT INTO movie(no, name) VALUES(MOVIE_NO_SEQ.NEXTVAL, "댓글부대")
                                                         *
1행에 오류:
ORA-00984: 열을 사용할 수 없습니다


SQL> INSERT INTO movie VALUES(MOVIE_NO_SEQ.NEXTVAL, '댓글부대', '../images/movie_image2.jpg');

1 개의 행이 만들어졌습니다.

SQL> INSERT INTO movie VALUES(MOVIE_NO_SEQ.NEXTVAL, '듄 파트2', '../images/movie_image3.jpg');

1 개의 행이 만들어졌습니다.

SQL> INSERT INTO movie VALUES(MOVIE_NO_SEQ.NEXTVAL, '고질라x콩', '../images/movie_image4.jpg');

1 개의 행이 만들어졌습니다.

SQL> INSERT INTO movie VALUES(MOVIE_NO_SEQ.NEXTVAL, '극장판 스파이 패밀리', '../images/movie_image5.jpg');

1 개의 행이 만들어졌습니다.

SQL> INSERT INTO movie VALUES(MOVIE_NO_SEQ.NEXTVAL, '이승윤 콘서트', '../images/movie_image6.jpg');

1 개의 행이 만들어졌습니다.

SQL> INSERT INTO movie VALUES(MOVIE_NO_SEQ.NEXTVAL, '악은 존재하지 않는다', '../images/movie_image7.jpg');

1 개의 행이 만들어졌습니다.

SQL> INSERT INTO movie VALUES(MOVIE_NO_SEQ.NEXTVAL, '1980', '../images/movie_image8.jpg');

1 개의 행이 만들어졌습니다.

SQL> INSERT INTO movie VALUES(MOVIE_NO_SEQ.NEXTVAL, '가여운 것들', '../images/movie_image9.jpg');

1 개의 행이 만들어졌습니다.

SQL> INSERT INTO movie VALUES(MOVIE_NO_SEQ.NEXTVAL, '웡카', '../images/movie_image10.jpg');

1 개의 행이 만들어졌습니다.

SQL> select * from movie;

        NO NAME                 SRC
---------- -------------------- ------------------------------
         1 파묘                 ../images/movie_image1.jpg
         2 댓글부대             ../images/movie_image2.jpg
         3 듄 파트2             ../images/movie_image3.jpg
         4 고질라x콩            ../images/movie_image4.jpg
         5 극장판 스파이 패밀리 ../images/movie_image5.jpg
         6 이승윤 콘서트        ../images/movie_image6.jpg
         7 악은 존재하지 않는다 ../images/movie_image7.jpg
         8 1980                 ../images/movie_image8.jpg
         9 가여운 것들          ../images/movie_image9.jpg
        10 웡카                 ../images/movie_image10.jpg

10 행이 선택되었습니다.

SQL>